/home/ck/Desktop/Workspace/STM32CubeIDE Workspace/STM32N6570-ThreadX-USB-CDC-AI-Face-Detection-Ethernet/Middlewares/ST/netxduo/common/drivers/ethernet/nx_stm32_eth_driver.c:2288:14:_nx_driver_hardware_packet_received	32	static
/home/ck/Desktop/Workspace/STM32CubeIDE Workspace/STM32N6570-ThreadX-USB-CDC-AI-Face-Detection-Ethernet/Middlewares/ST/netxduo/common/drivers/ethernet/nx_stm32_eth_driver.c:150:7:nx_stm32_eth_driver	152	static,ignoring_inline_asm
/home/ck/Desktop/Workspace/STM32CubeIDE Workspace/STM32N6570-ThreadX-USB-CDC-AI-Face-Detection-Ethernet/Middlewares/ST/netxduo/common/drivers/ethernet/nx_stm32_eth_driver.c:2255:6:HAL_ETH_TxFreeCallback	16	static
/home/ck/Desktop/Workspace/STM32CubeIDE Workspace/STM32N6570-ThreadX-USB-CDC-AI-Face-Detection-Ethernet/Middlewares/ST/netxduo/common/drivers/ethernet/nx_stm32_eth_driver.c:2315:6:HAL_ETH_RxAllocateCallback	24	static,ignoring_inline_asm
/home/ck/Desktop/Workspace/STM32CubeIDE Workspace/STM32N6570-ThreadX-USB-CDC-AI-Face-Detection-Ethernet/Middlewares/ST/netxduo/common/drivers/ethernet/nx_stm32_eth_driver.c:2370:6:HAL_ETH_RxLinkCallback	8	static
/home/ck/Desktop/Workspace/STM32CubeIDE Workspace/STM32N6570-ThreadX-USB-CDC-AI-Face-Detection-Ethernet/Middlewares/ST/netxduo/common/drivers/ethernet/nx_stm32_eth_driver.c:2447:6:HAL_ETH_RxCpltCallback	0	static
/home/ck/Desktop/Workspace/STM32CubeIDE Workspace/STM32N6570-ThreadX-USB-CDC-AI-Face-Detection-Ethernet/Middlewares/ST/netxduo/common/drivers/ethernet/nx_stm32_eth_driver.c:2471:6:HAL_ETH_TxCpltCallback	0	static
/home/ck/Desktop/Workspace/STM32CubeIDE Workspace/STM32N6570-ThreadX-USB-CDC-AI-Face-Detection-Ethernet/Middlewares/ST/netxduo/common/drivers/ethernet/nx_stm32_eth_driver.c:2656:6:nx_driver_shaper_config	24	static
