/home/ck/Desktop/Workspace/STM32CubeIDE Workspace/STM32N6570-ThreadX-USB-CDC-AI-Face-Detection-Ethernet/Middlewares/ST/stedgeai-lib/Npu/ll_aton/ecloader.c:109:17:ec_get_blob_ptr	8	static
/home/ck/Desktop/Workspace/STM32CubeIDE Workspace/STM32N6570-ThreadX-USB-CDC-AI-Face-Detection-Ethernet/Middlewares/ST/stedgeai-lib/Npu/ll_aton/ecloader.c:167:6:ec_copy_blob	16	static
/home/ck/Desktop/Workspace/STM32CubeIDE Workspace/STM32N6570-ThreadX-USB-CDC-AI-Face-Detection-Ethernet/Middlewares/ST/stedgeai-lib/Npu/ll_aton/ecloader.c:256:6:ec_copy_reloc_table	16	static
/home/ck/Desktop/Workspace/STM32CubeIDE Workspace/STM32N6570-ThreadX-USB-CDC-AI-Face-Detection-Ethernet/Middlewares/ST/stedgeai-lib/Npu/ll_aton/ecloader.c:349:20:ec_get_reloc_table_ptr	8	static
/home/ck/Desktop/Workspace/STM32CubeIDE Workspace/STM32N6570-ThreadX-USB-CDC-AI-Face-Detection-Ethernet/Middlewares/ST/stedgeai-lib/Npu/ll_aton/ecloader.c:384:14:ec_get_num_relocs	0	static
/home/ck/Desktop/Workspace/STM32CubeIDE Workspace/STM32N6570-ThreadX-USB-CDC-AI-Face-Detection-Ethernet/Middlewares/ST/stedgeai-lib/Npu/ll_aton/ecloader.c:406:13:ec_get_reloc_id	0	static
/home/ck/Desktop/Workspace/STM32CubeIDE Workspace/STM32N6570-ThreadX-USB-CDC-AI-Face-Detection-Ethernet/Middlewares/ST/stedgeai-lib/Npu/ll_aton/ecloader.c:446:6:ec_reloc	24	static
/home/ck/Desktop/Workspace/STM32CubeIDE Workspace/STM32N6570-ThreadX-USB-CDC-AI-Face-Detection-Ethernet/Middlewares/ST/stedgeai-lib/Npu/ll_aton/ecloader.c:511:6:ec_reloc_by_id	48	static
/home/ck/Desktop/Workspace/STM32CubeIDE Workspace/STM32N6570-ThreadX-USB-CDC-AI-Face-Detection-Ethernet/Middlewares/ST/stedgeai-lib/Npu/ll_aton/ecloader.c:593:6:ec_copy_patch_table	16	static
/home/ck/Desktop/Workspace/STM32CubeIDE Workspace/STM32N6570-ThreadX-USB-CDC-AI-Face-Detection-Ethernet/Middlewares/ST/stedgeai-lib/Npu/ll_aton/ecloader.c:684:20:ec_get_patch_table_ptr	8	static
/home/ck/Desktop/Workspace/STM32CubeIDE Workspace/STM32N6570-ThreadX-USB-CDC-AI-Face-Detection-Ethernet/Middlewares/ST/stedgeai-lib/Npu/ll_aton/ecloader.c:721:14:ec_get_num_patches	0	static
/home/ck/Desktop/Workspace/STM32CubeIDE Workspace/STM32N6570-ThreadX-USB-CDC-AI-Face-Detection-Ethernet/Middlewares/ST/stedgeai-lib/Npu/ll_aton/ecloader.c:743:13:ec_get_patch_id	0	static
/home/ck/Desktop/Workspace/STM32CubeIDE Workspace/STM32N6570-ThreadX-USB-CDC-AI-Face-Detection-Ethernet/Middlewares/ST/stedgeai-lib/Npu/ll_aton/ecloader.c:778:9:ec_get_patch_shr	0	static
/home/ck/Desktop/Workspace/STM32CubeIDE Workspace/STM32N6570-ThreadX-USB-CDC-AI-Face-Detection-Ethernet/Middlewares/ST/stedgeai-lib/Npu/ll_aton/ecloader.c:809:10:ec_get_patch_mask	0	static
/home/ck/Desktop/Workspace/STM32CubeIDE Workspace/STM32N6570-ThreadX-USB-CDC-AI-Face-Detection-Ethernet/Middlewares/ST/stedgeai-lib/Npu/ll_aton/ecloader.c:844:6:ec_patch	32	static
/home/ck/Desktop/Workspace/STM32CubeIDE Workspace/STM32N6570-ThreadX-USB-CDC-AI-Face-Detection-Ethernet/Middlewares/ST/stedgeai-lib/Npu/ll_aton/ecloader.c:914:6:ec_patch_by_id	56	static
