/home/ck/Desktop/Workspace/STM32CubeIDE Workspace/STM32N6570-ThreadX-USB-CDC-AI-Face-Detection-Ethernet/Middlewares/ST/stedgeai-lib/Npu/ll_aton/ll_aton_lib.c:42:12:__floating_to_Q	32	static
/home/ck/Desktop/Workspace/STM32CubeIDE Workspace/STM32N6570-ThreadX-USB-CDC-AI-Face-Detection-Ethernet/Middlewares/ST/stedgeai-lib/Npu/ll_aton/ll_aton_lib.c:4301:13:__ll_aton_lib_pad_filling_sw	24	static
/home/ck/Desktop/Workspace/STM32CubeIDE Workspace/STM32N6570-ThreadX-USB-CDC-AI-Face-Detection-Ethernet/Middlewares/ST/stedgeai-lib/Npu/ll_aton/ll_aton_lib.c:205:34:__ll_lib_get_params.part.0	8	static
/home/ck/Desktop/Workspace/STM32CubeIDE Workspace/STM32N6570-ThreadX-USB-CDC-AI-Face-Detection-Ethernet/Middlewares/ST/stedgeai-lib/Npu/ll_aton/ll_aton_lib.c:248:13:__ll_lib_strswitch_set_dmas	32	static
/home/ck/Desktop/Workspace/STM32CubeIDE Workspace/STM32N6570-ThreadX-USB-CDC-AI-Face-Detection-Ethernet/Middlewares/ST/stedgeai-lib/Npu/ll_aton/ll_aton_runtime.h:117:22:__LL_ATON_RT_SetWaitMask.part.0	8	static
/home/ck/Desktop/Workspace/STM32CubeIDE Workspace/STM32N6570-ThreadX-USB-CDC-AI-Face-Detection-Ethernet/Middlewares/ST/stedgeai-lib/Npu/ll_aton/ll_aton_runtime.h:212:22:LL_ATON_RT_DecCurrEpochBlock.part.0	8	static
/home/ck/Desktop/Workspace/STM32CubeIDE Workspace/STM32N6570-ThreadX-USB-CDC-AI-Face-Detection-Ethernet/Middlewares/ST/stedgeai-lib/Npu/ll_aton/ll_aton_runtime.h:37:22:__ll_set_aton_owner.part.0	8	static
/home/ck/Desktop/Workspace/STM32CubeIDE Workspace/STM32N6570-ThreadX-USB-CDC-AI-Face-Detection-Ethernet/Middlewares/ST/stedgeai-lib/Npu/ll_aton/ll_aton_runtime.h:186:22:LL_ATON_RT_Insert_LibEpochBlockArray.part.0	8	static
/home/ck/Desktop/Workspace/STM32CubeIDE Workspace/STM32N6570-ThreadX-USB-CDC-AI-Face-Detection-Ethernet/Middlewares/ST/stedgeai-lib/Npu/ll_aton/ll_aton_runtime.h:54:22:__ll_clear_aton_owner.part.0	8	static
/home/ck/Desktop/Workspace/STM32CubeIDE Workspace/STM32N6570-ThreadX-USB-CDC-AI-Face-Detection-Ethernet/Middlewares/ST/stedgeai-lib/Npu/ll_aton/ll_aton_lib.c:521:20:__ll_lib_load_const_val.part.0	8	static
/home/ck/Desktop/Workspace/STM32CubeIDE Workspace/STM32N6570-ThreadX-USB-CDC-AI-Face-Detection-Ethernet/Middlewares/ST/stedgeai-lib/Npu/ll_aton/ll_aton_lib.c:298:20:__ll_lib_prepare_inputs_epoch.part.0	8	static
/home/ck/Desktop/Workspace/STM32CubeIDE Workspace/STM32N6570-ThreadX-USB-CDC-AI-Face-Detection-Ethernet/Middlewares/ST/stedgeai-lib/Npu/ll_aton/ll_aton_lib.c:4148:21:__ll_aton_lib_memset.part.0	8	static
/home/ck/Desktop/Workspace/STM32CubeIDE Workspace/STM32N6570-ThreadX-USB-CDC-AI-Face-Detection-Ethernet/Middlewares/ST/stedgeai-lib/Npu/ll_aton/ll_aton_lib.c:4132:14:__ll_aton_lib_memset32.isra	8	static
/home/ck/Desktop/Workspace/STM32CubeIDE Workspace/STM32N6570-ThreadX-USB-CDC-AI-Face-Detection-Ethernet/Middlewares/ST/stedgeai-lib/Npu/ll_aton/ll_aton_lib.c:4080:14:__ll_aton_lib_memset16.isra	8	static
/home/ck/Desktop/Workspace/STM32CubeIDE Workspace/STM32N6570-ThreadX-USB-CDC-AI-Face-Detection-Ethernet/Middlewares/ST/stedgeai-lib/Npu/ll_aton/ll_aton_lib.c:1440:13:__LL_LIB_DMA_Transfer_Start_EpochBlock	8	static
/home/ck/Desktop/Workspace/STM32CubeIDE Workspace/STM32N6570-ThreadX-USB-CDC-AI-Face-Detection-Ethernet/Middlewares/ST/stedgeai-lib/Npu/ll_aton/ll_aton_lib.c:399:13:__ll_lib_inputs_memcpy_start	32	static
/home/ck/Desktop/Workspace/STM32CubeIDE Workspace/STM32N6570-ThreadX-USB-CDC-AI-Face-Detection-Ethernet/Middlewares/ST/stedgeai-lib/Npu/ll_aton/ll_aton_lib.c:740:13:__LL_LIB_Concat_Case3_Start_EpochBlock	8	static
/home/ck/Desktop/Workspace/STM32CubeIDE Workspace/STM32N6570-ThreadX-USB-CDC-AI-Face-Detection-Ethernet/Middlewares/ST/stedgeai-lib/Npu/ll_aton/ll_aton_lib.c:805:13:__LL_LIB_Inputs_Memcpy_Start_EpochBlock	8	static
/home/ck/Desktop/Workspace/STM32CubeIDE Workspace/STM32N6570-ThreadX-USB-CDC-AI-Face-Detection-Ethernet/Middlewares/ST/stedgeai-lib/Npu/ll_aton/ll_aton_lib.c:851:13:__LL_LIB_Inputs_Batched_Memcpy_Start_EpochBlock	8	static
/home/ck/Desktop/Workspace/STM32CubeIDE Workspace/STM32N6570-ThreadX-USB-CDC-AI-Face-Detection-Ethernet/Middlewares/ST/stedgeai-lib/Npu/ll_aton/ll_aton_lib.c:4368:13:__ll_aton_lib_pad_reflect_sw	64	static
/home/ck/Desktop/Workspace/STM32CubeIDE Workspace/STM32N6570-ThreadX-USB-CDC-AI-Face-Detection-Ethernet/Middlewares/ST/stedgeai-lib/Npu/ll_aton/ll_aton_lib.c:1450:13:__LL_LIB_DMA_Transfer_End_EpochBlock	16	static
/home/ck/Desktop/Workspace/STM32CubeIDE Workspace/STM32N6570-ThreadX-USB-CDC-AI-Face-Detection-Ethernet/Middlewares/ST/stedgeai-lib/Npu/ll_aton/ll_aton_lib.c:440:13:__ll_lib_outputs_memcpy_start	32	static
/home/ck/Desktop/Workspace/STM32CubeIDE Workspace/STM32N6570-ThreadX-USB-CDC-AI-Face-Detection-Ethernet/Middlewares/ST/stedgeai-lib/Npu/ll_aton/ll_aton_lib.c:1107:13:__LL_LIB_Outputs_Memcpy_Start_EpochBlock	8	static
/home/ck/Desktop/Workspace/STM32CubeIDE Workspace/STM32N6570-ThreadX-USB-CDC-AI-Face-Detection-Ethernet/Middlewares/ST/stedgeai-lib/Npu/ll_aton/ll_aton_lib.c:914:13:__LL_LIB_Outputs_Channel_Split_Aton_Start_EpochBlock	8	static
/home/ck/Desktop/Workspace/STM32CubeIDE Workspace/STM32N6570-ThreadX-USB-CDC-AI-Face-Detection-Ethernet/Middlewares/ST/stedgeai-lib/Npu/ll_aton/ll_aton_lib.c:1008:13:__LL_LIB_Outputs_Channel_Split_Batched_Start_EpochBlock	8	static
/home/ck/Desktop/Workspace/STM32CubeIDE Workspace/STM32N6570-ThreadX-USB-CDC-AI-Face-Detection-Ethernet/Middlewares/ST/stedgeai-lib/Npu/ll_aton/ll_aton_lib.c:1185:13:__LL_LIB_DMA_Pad_Filling_Start_EpochBlock	32	static
/home/ck/Desktop/Workspace/STM32CubeIDE Workspace/STM32N6570-ThreadX-USB-CDC-AI-Face-Detection-Ethernet/Middlewares/ST/stedgeai-lib/Npu/ll_aton/ll_aton_lib.c:1155:13:__LL_LIB_DMA_Pad_Memset_End_EpochBlock	16	static
/home/ck/Desktop/Workspace/STM32CubeIDE Workspace/STM32N6570-ThreadX-USB-CDC-AI-Face-Detection-Ethernet/Middlewares/ST/stedgeai-lib/Npu/ll_aton/ll_aton_lib.c:865:13:__LL_LIB_Inputs_Batched_Memcpy_End_EpochBlock	32	static
/home/ck/Desktop/Workspace/STM32CubeIDE Workspace/STM32N6570-ThreadX-USB-CDC-AI-Face-Detection-Ethernet/Middlewares/ST/stedgeai-lib/Npu/ll_aton/ll_aton_lib.c:817:13:__LL_LIB_Inputs_Memcpy_End_EpochBlock	24	static
/home/ck/Desktop/Workspace/STM32CubeIDE Workspace/STM32N6570-ThreadX-USB-CDC-AI-Face-Detection-Ethernet/Middlewares/ST/stedgeai-lib/Npu/ll_aton/ll_aton_lib.c:1119:13:__LL_LIB_Outputs_Memcpy_End_EpochBlock	0	static
/home/ck/Desktop/Workspace/STM32CubeIDE Workspace/STM32N6570-ThreadX-USB-CDC-AI-Face-Detection-Ethernet/Middlewares/ST/stedgeai-lib/Npu/ll_aton/ll_aton_lib.c:928:13:__LL_LIB_Outputs_Channel_Split_Aton_End_EpochBlock	24	static
/home/ck/Desktop/Workspace/STM32CubeIDE Workspace/STM32N6570-ThreadX-USB-CDC-AI-Face-Detection-Ethernet/Middlewares/ST/stedgeai-lib/Npu/ll_aton/ll_aton_lib.c:1022:13:__LL_LIB_Outputs_Channel_Split_Batched_End_EpochBlock	24	static
/home/ck/Desktop/Workspace/STM32CubeIDE Workspace/STM32N6570-ThreadX-USB-CDC-AI-Face-Detection-Ethernet/Middlewares/ST/stedgeai-lib/Npu/ll_aton/ll_aton_lib.c:1663:13:__LL_ATON_LIB_DMA_Inputs_Memcpy.part.0	32	static
/home/ck/Desktop/Workspace/STM32CubeIDE Workspace/STM32N6570-ThreadX-USB-CDC-AI-Face-Detection-Ethernet/Middlewares/ST/stedgeai-lib/Npu/ll_aton/ll_aton_lib.c:1236:13:__LL_LIB_DMA_Pad_Filling_End_EpochBlock	40	static
/home/ck/Desktop/Workspace/STM32CubeIDE Workspace/STM32N6570-ThreadX-USB-CDC-AI-Face-Detection-Ethernet/Middlewares/ST/stedgeai-lib/Npu/ll_aton/ll_aton_lib.c:752:13:__LL_LIB_Concat_Case3_End_EpochBlock	24	static
/home/ck/Desktop/Workspace/STM32CubeIDE Workspace/STM32N6570-ThreadX-USB-CDC-AI-Face-Detection-Ethernet/Middlewares/ST/stedgeai-lib/Npu/ll_aton/ll_aton_lib.c:4571:13:__ll_aton_lib_pad_edge_sw	32	static
/home/ck/Desktop/Workspace/STM32CubeIDE Workspace/STM32N6570-ThreadX-USB-CDC-AI-Face-Detection-Ethernet/Middlewares/ST/stedgeai-lib/Npu/ll_aton/ll_aton_lib.c:4837:12:__ll_aton_lib_pad_framing_sw	208	static
/home/ck/Desktop/Workspace/STM32CubeIDE Workspace/STM32N6570-ThreadX-USB-CDC-AI-Face-Detection-Ethernet/Middlewares/ST/stedgeai-lib/Npu/ll_aton/ll_aton_lib.c:2642:12:__LL_ATON_LIB_DMA_Pad_Filling.isra	96	static
/home/ck/Desktop/Workspace/STM32CubeIDE Workspace/STM32N6570-ThreadX-USB-CDC-AI-Face-Detection-Ethernet/Middlewares/ST/stedgeai-lib/Npu/ll_aton/ll_aton_lib.c:4693:12:__ll_aton_lib_pad_filling	208	static
/home/ck/Desktop/Workspace/STM32CubeIDE Workspace/STM32N6570-ThreadX-USB-CDC-AI-Face-Detection-Ethernet/Middlewares/ST/stedgeai-lib/Npu/ll_aton/ll_aton_lib.c:2593:12:__LL_ATON_LIB_DMA_Pad_Memset	248	static
/home/ck/Desktop/Workspace/STM32CubeIDE Workspace/STM32N6570-ThreadX-USB-CDC-AI-Face-Detection-Ethernet/Middlewares/ST/stedgeai-lib/Npu/ll_aton/ll_aton_lib.c:2715:12:__LL_ATON_LIB_DMA_Pad_4Loop_Filling.isra	64	static
/home/ck/Desktop/Workspace/STM32CubeIDE Workspace/STM32N6570-ThreadX-USB-CDC-AI-Face-Detection-Ethernet/Middlewares/ST/stedgeai-lib/Npu/ll_aton/ll_aton_lib.c:4957:12:__ll_aton_lib_pad_4loop_filling	16	static
/home/ck/Desktop/Workspace/STM32CubeIDE Workspace/STM32N6570-ThreadX-USB-CDC-AI-Face-Detection-Ethernet/Middlewares/ST/stedgeai-lib/Npu/ll_aton/ll_aton_lib.c:141:6:__ll_lib_error	0	static
/home/ck/Desktop/Workspace/STM32CubeIDE Workspace/STM32N6570-ThreadX-USB-CDC-AI-Face-Detection-Ethernet/Middlewares/ST/stedgeai-lib/Npu/ll_aton/ll_aton_lib.c:732:5:__LL_LIB_TENSOR_ELEMENTS	4	static
/home/ck/Desktop/Workspace/STM32CubeIDE Workspace/STM32N6570-ThreadX-USB-CDC-AI-Face-Detection-Ethernet/Middlewares/ST/stedgeai-lib/Npu/ll_aton/ll_aton_lib.c:2450:5:__LL_ATON_LIB_DMA_Outputs_Flat_Copy	32	static
/home/ck/Desktop/Workspace/STM32CubeIDE Workspace/STM32N6570-ThreadX-USB-CDC-AI-Face-Detection-Ethernet/Middlewares/ST/stedgeai-lib/Npu/ll_aton/ll_aton_lib.c:2498:5:__LL_ATON_LIB_DMA_Outputs_Channel_Split_Aton	256	static
/home/ck/Desktop/Workspace/STM32CubeIDE Workspace/STM32N6570-ThreadX-USB-CDC-AI-Face-Detection-Ethernet/Middlewares/ST/stedgeai-lib/Npu/ll_aton/ll_aton_lib.c:2547:5:__LL_ATON_LIB_DMA_Outputs_Channel_Split_Batched	272	static
/home/ck/Desktop/Workspace/STM32CubeIDE Workspace/STM32N6570-ThreadX-USB-CDC-AI-Face-Detection-Ethernet/Middlewares/ST/stedgeai-lib/Npu/ll_aton/ll_aton_lib.c:2964:5:LL_ATON_LIB_DMA_ImageToRow	360	static
/home/ck/Desktop/Workspace/STM32CubeIDE Workspace/STM32N6570-ThreadX-USB-CDC-AI-Face-Detection-Ethernet/Middlewares/ST/stedgeai-lib/Npu/ll_aton/ll_aton_lib.c:3105:5:LL_ATON_LIB_DMA_SpaceToDepth	40	static
/home/ck/Desktop/Workspace/STM32CubeIDE Workspace/STM32N6570-ThreadX-USB-CDC-AI-Face-Detection-Ethernet/Middlewares/ST/stedgeai-lib/Npu/ll_aton/ll_aton_lib.c:3132:5:LL_ATON_LIB_DMA_RowToImage	304	static
/home/ck/Desktop/Workspace/STM32CubeIDE Workspace/STM32N6570-ThreadX-USB-CDC-AI-Face-Detection-Ethernet/Middlewares/ST/stedgeai-lib/Npu/ll_aton/ll_aton_lib.c:3248:5:LL_ATON_LIB_DMA_DepthToSpace	40	static
/home/ck/Desktop/Workspace/STM32CubeIDE Workspace/STM32N6570-ThreadX-USB-CDC-AI-Face-Detection-Ethernet/Middlewares/ST/stedgeai-lib/Npu/ll_aton/ll_aton_lib.c:3257:5:LL_ATON_LIB_DMA_Transpose	256	static
/home/ck/Desktop/Workspace/STM32CubeIDE Workspace/STM32N6570-ThreadX-USB-CDC-AI-Face-Detection-Ethernet/Middlewares/ST/stedgeai-lib/Npu/ll_aton/ll_aton_lib.c:3399:5:LL_ATON_LIB_Concat	304	static
/home/ck/Desktop/Workspace/STM32CubeIDE Workspace/STM32N6570-ThreadX-USB-CDC-AI-Face-Detection-Ethernet/Middlewares/ST/stedgeai-lib/Npu/ll_aton/ll_aton_lib.c:3695:5:LL_ATON_LIB_Cast	112	static
/home/ck/Desktop/Workspace/STM32CubeIDE Workspace/STM32N6570-ThreadX-USB-CDC-AI-Face-Detection-Ethernet/Middlewares/ST/stedgeai-lib/Npu/ll_aton/ll_aton_lib.c:3923:5:LL_ATON_LIB_Softmax	120	static
/home/ck/Desktop/Workspace/STM32CubeIDE Workspace/STM32N6570-ThreadX-USB-CDC-AI-Face-Detection-Ethernet/Middlewares/ST/stedgeai-lib/Npu/ll_aton/ll_aton_lib.c:3989:5:LL_ATON_LIB_DMA_Outputs_Slice_SplitLike	216	static
/home/ck/Desktop/Workspace/STM32CubeIDE Workspace/STM32N6570-ThreadX-USB-CDC-AI-Face-Detection-Ethernet/Middlewares/ST/stedgeai-lib/Npu/ll_aton/ll_aton_lib.c:4985:5:LL_ATON_LIB_Pad_4Loop	272	static
/home/ck/Desktop/Workspace/STM32CubeIDE Workspace/STM32N6570-ThreadX-USB-CDC-AI-Face-Detection-Ethernet/Middlewares/ST/stedgeai-lib/Npu/ll_aton/ll_aton_lib.c:5026:5:LL_ATON_LIB_Pad_Standard	272	static
