/home/ck/Desktop/Workspace/STM32CubeIDE Workspace/STM32N6570-ThreadX-USB-CDC-AI-Face-Detection-Ethernet/Middlewares/ST/stedgeai-lib/Npu/ll_aton/ll_aton_lib_sw_operators.c:320:13:__ll_aton_lib_split_aton_canonical	56	static
/home/ck/Desktop/Workspace/STM32CubeIDE Workspace/STM32N6570-ThreadX-USB-CDC-AI-Face-Detection-Ethernet/Middlewares/ST/stedgeai-lib/Npu/ll_aton/ll_aton_lib_sw_operators.h:45:22:__ll_aton_lib_copy_element.part.0	8	static
/home/ck/Desktop/Workspace/STM32CubeIDE Workspace/STM32N6570-ThreadX-USB-CDC-AI-Face-Detection-Ethernet/Middlewares/ST/stedgeai-lib/Npu/ll_aton/ll_aton_lib_sw_operators.c:117:23:__ll_aton_lib_is_in_slice.part.0	8	static
/home/ck/Desktop/Workspace/STM32CubeIDE Workspace/STM32N6570-ThreadX-USB-CDC-AI-Face-Detection-Ethernet/Middlewares/ST/stedgeai-lib/Npu/ll_aton/ll_aton_lib_sw_operators.c:501:13:__ll_aton_lib_transpose	48	static
/home/ck/Desktop/Workspace/STM32CubeIDE Workspace/STM32N6570-ThreadX-USB-CDC-AI-Face-Detection-Ethernet/Middlewares/ST/stedgeai-lib/Npu/ll_aton/ll_aton_lib_sw_operators.c:209:13:__ll_aton_lib_slice	88	static
/home/ck/Desktop/Workspace/STM32CubeIDE Workspace/STM32N6570-ThreadX-USB-CDC-AI-Face-Detection-Ethernet/Middlewares/ST/stedgeai-lib/Npu/ll_aton/ll_aton_lib_sw_operators.c:644:5:LL_ATON_LIB_Split	120	static
/home/ck/Desktop/Workspace/STM32CubeIDE Workspace/STM32N6570-ThreadX-USB-CDC-AI-Face-Detection-Ethernet/Middlewares/ST/stedgeai-lib/Npu/ll_aton/ll_aton_lib_sw_operators.c:775:5:LL_ATON_LIB_SW_SpaceToDepth	120	static
/home/ck/Desktop/Workspace/STM32CubeIDE Workspace/STM32N6570-ThreadX-USB-CDC-AI-Face-Detection-Ethernet/Middlewares/ST/stedgeai-lib/Npu/ll_aton/ll_aton_lib_sw_operators.c:847:5:LL_ATON_LIB_SW_DepthToSpace	160	static
/home/ck/Desktop/Workspace/STM32CubeIDE Workspace/STM32N6570-ThreadX-USB-CDC-AI-Face-Detection-Ethernet/Middlewares/ST/stedgeai-lib/Npu/ll_aton/ll_aton_lib_sw_operators.c:961:5:LL_ATON_LIB_Slice	56	static
/home/ck/Desktop/Workspace/STM32CubeIDE Workspace/STM32N6570-ThreadX-USB-CDC-AI-Face-Detection-Ethernet/Middlewares/ST/stedgeai-lib/Npu/ll_aton/ll_aton_lib_sw_operators.c:999:5:LL_ATON_LIB_Transpose	136	static
