/home/ck/Desktop/Workspace/STM32CubeIDE Workspace/STM32N6570-ThreadX-USB-CDC-AI-Face-Detection-Ethernet/Middlewares/ST/stedgeai-lib/Npu/ll_aton/ll_aton_cipher.c:64:5:LL_Streng_EncryptionInit	12	static
/home/ck/Desktop/Workspace/STM32CubeIDE Workspace/STM32N6570-ThreadX-USB-CDC-AI-Face-Detection-Ethernet/Middlewares/ST/stedgeai-lib/Npu/ll_aton/ll_aton_cipher.c:106:5:LL_Busif_SetKeys	8	static
/home/ck/Desktop/Workspace/STM32CubeIDE Workspace/STM32N6570-ThreadX-USB-CDC-AI-Face-Detection-Ethernet/Middlewares/ST/stedgeai-lib/Npu/ll_aton/ll_aton_cipher.c:151:5:LL_EpochCtrl_EncryptionInit	4	static
/home/ck/Desktop/Workspace/STM32CubeIDE Workspace/STM32N6570-ThreadX-USB-CDC-AI-Face-Detection-Ethernet/Middlewares/ST/stedgeai-lib/Npu/ll_aton/ll_aton_cipher.c:181:5:LL_DmaCypherInit	200	static
/home/ck/Desktop/Workspace/STM32CubeIDE Workspace/STM32N6570-ThreadX-USB-CDC-AI-Face-Detection-Ethernet/Middlewares/ST/stedgeai-lib/Npu/ll_aton/ll_aton_cipher.c:316:5:LL_ExtDmaCypherInit	208	static,ignoring_inline_asm
/home/ck/Desktop/Workspace/STM32CubeIDE Workspace/STM32N6570-ThreadX-USB-CDC-AI-Face-Detection-Ethernet/Middlewares/ST/stedgeai-lib/Npu/ll_aton/ll_aton_cipher.c:517:6:LL_ATON_DecryptAndCopy	48	static
