/home/ck/Desktop/Workspace/STM32CubeIDE Workspace/STM32N6570-ThreadX-USB-CDC-AI-Face-Detection-Ethernet/Model/STM32N6570-DK/stai_network.c:359:18:stai_network_init	8	static
/home/ck/Desktop/Workspace/STM32CubeIDE Workspace/STM32N6570-ThreadX-USB-CDC-AI-Face-Detection-Ethernet/Model/STM32N6570-DK/stai_network.c:379:18:stai_network_deinit	16	static
/home/ck/Desktop/Workspace/STM32CubeIDE Workspace/STM32N6570-ThreadX-USB-CDC-AI-Face-Detection-Ethernet/Model/STM32N6570-DK/stai_network.c:405:18:stai_network_run	4	static
/home/ck/Desktop/Workspace/STM32CubeIDE Workspace/STM32N6570-ThreadX-USB-CDC-AI-Face-Detection-Ethernet/Model/STM32N6570-DK/stai_network.c:415:18:stai_network_train	0	static
/home/ck/Desktop/Workspace/STM32CubeIDE Workspace/STM32N6570-ThreadX-USB-CDC-AI-Face-Detection-Ethernet/Model/STM32N6570-DK/stai_network.c:429:18:stai_network_get_inputs	16	static
/home/ck/Desktop/Workspace/STM32CubeIDE Workspace/STM32N6570-ThreadX-USB-CDC-AI-Face-Detection-Ethernet/Model/STM32N6570-DK/stai_network.c:435:18:stai_network_get_weights	16	static
/home/ck/Desktop/Workspace/STM32CubeIDE Workspace/STM32N6570-ThreadX-USB-CDC-AI-Face-Detection-Ethernet/Model/STM32N6570-DK/stai_network.c:441:18:stai_network_get_outputs	16	static
/home/ck/Desktop/Workspace/STM32CubeIDE Workspace/STM32N6570-ThreadX-USB-CDC-AI-Face-Detection-Ethernet/Model/STM32N6570-DK/stai_network.c:447:18:stai_network_get_activations	16	static
/home/ck/Desktop/Workspace/STM32CubeIDE Workspace/STM32N6570-ThreadX-USB-CDC-AI-Face-Detection-Ethernet/Model/STM32N6570-DK/stai_network.c:455:18:stai_network_get_info	16	static
/home/ck/Desktop/Workspace/STM32CubeIDE Workspace/STM32N6570-ThreadX-USB-CDC-AI-Face-Detection-Ethernet/Model/STM32N6570-DK/stai_network.c:468:18:stai_network_get_states	0	static
/home/ck/Desktop/Workspace/STM32CubeIDE Workspace/STM32N6570-ThreadX-USB-CDC-AI-Face-Detection-Ethernet/Model/STM32N6570-DK/stai_network.c:481:18:stai_network_get_error	0	static
/home/ck/Desktop/Workspace/STM32CubeIDE Workspace/STM32N6570-ThreadX-USB-CDC-AI-Face-Detection-Ethernet/Model/STM32N6570-DK/stai_network.c:494:18:stai_network_set_inputs	16	static
/home/ck/Desktop/Workspace/STM32CubeIDE Workspace/STM32N6570-ThreadX-USB-CDC-AI-Face-Detection-Ethernet/Model/STM32N6570-DK/stai_network.c:501:18:stai_network_set_weights	16	static
/home/ck/Desktop/Workspace/STM32CubeIDE Workspace/STM32N6570-ThreadX-USB-CDC-AI-Face-Detection-Ethernet/Model/STM32N6570-DK/stai_network.c:508:18:stai_network_set_outputs	16	static
/home/ck/Desktop/Workspace/STM32CubeIDE Workspace/STM32N6570-ThreadX-USB-CDC-AI-Face-Detection-Ethernet/Model/STM32N6570-DK/stai_network.c:515:18:stai_network_set_activations	16	static
/home/ck/Desktop/Workspace/STM32CubeIDE Workspace/STM32N6570-ThreadX-USB-CDC-AI-Face-Detection-Ethernet/Model/STM32N6570-DK/stai_network.c:522:18:stai_network_set_states	0	static
/home/ck/Desktop/Workspace/STM32CubeIDE Workspace/STM32N6570-ThreadX-USB-CDC-AI-Face-Detection-Ethernet/Model/STM32N6570-DK/stai_network.c:538:18:stai_network_set_callback	8	static
/home/ck/Desktop/Workspace/STM32CubeIDE Workspace/STM32N6570-ThreadX-USB-CDC-AI-Face-Detection-Ethernet/Model/STM32N6570-DK/stai_network.c:565:18:stai_ext_network_run_continue	8	static
/home/ck/Desktop/Workspace/STM32CubeIDE Workspace/STM32N6570-ThreadX-USB-CDC-AI-Face-Detection-Ethernet/Model/STM32N6570-DK/stai_network.c:586:18:stai_ext_network_get_nn_run_status	0	static
/home/ck/Desktop/Workspace/STM32CubeIDE Workspace/STM32N6570-ThreadX-USB-CDC-AI-Face-Detection-Ethernet/Model/STM32N6570-DK/stai_network.c:602:18:stai_ext_network_new_inference	0	static
