/home/ck/Desktop/Workspace/STM32CubeIDE Workspace/STM32N6570-ThreadX-USB-CDC-AI-Face-Detection-Ethernet/Middlewares/ST/netxduo/addons/dhcp/nxd_dhcp_server.c:485:14:_nx_dhcp_fast_periodic_timer_entry	0	static
/home/ck/Desktop/Workspace/STM32CubeIDE Workspace/STM32N6570-ThreadX-USB-CDC-AI-Face-Detection-Ethernet/Middlewares/ST/netxduo/addons/dhcp/nxd_dhcp_server.c:542:14:_nx_dhcp_slow_periodic_timer_entry	0	static
/home/ck/Desktop/Workspace/STM32CubeIDE Workspace/STM32N6570-ThreadX-USB-CDC-AI-Face-Detection-Ethernet/Middlewares/ST/netxduo/addons/dhcp/nxd_dhcp_server.c:599:7:_nx_dhcp_server_socket_receive_notify	0	static
/home/ck/Desktop/Workspace/STM32CubeIDE Workspace/STM32N6570-ThreadX-USB-CDC-AI-Face-Detection-Ethernet/Middlewares/ST/netxduo/addons/dhcp/nxd_dhcp_server.c:1441:7:_nx_dhcp_server_stop.part.0	24	static
/home/ck/Desktop/Workspace/STM32CubeIDE Workspace/STM32N6570-ThreadX-USB-CDC-AI-Face-Detection-Ethernet/Middlewares/ST/netxduo/addons/dhcp/nxd_dhcp_server.c:2247:7:_nx_dhcp_clear_client_record.part.0	24	static
/home/ck/Desktop/Workspace/STM32CubeIDE Workspace/STM32N6570-ThreadX-USB-CDC-AI-Face-Detection-Ethernet/Middlewares/ST/netxduo/addons/dhcp/nxd_dhcp_server.c:229:7:_nx_dhcp_server_create.part.0	88	static
/home/ck/Desktop/Workspace/STM32CubeIDE Workspace/STM32N6570-ThreadX-USB-CDC-AI-Face-Detection-Ethernet/Middlewares/ST/netxduo/addons/dhcp/nxd_dhcp_server.c:3515:14:_nx_dhcp_update_assignable_ip_address.isra	20	static
/home/ck/Desktop/Workspace/STM32CubeIDE Workspace/STM32N6570-ThreadX-USB-CDC-AI-Face-Detection-Ethernet/Middlewares/ST/netxduo/addons/dhcp/nxd_dhcp_server.c:1534:14:_nx_dhcp_server_thread_entry	136	static
/home/ck/Desktop/Workspace/STM32CubeIDE Workspace/STM32N6570-ThreadX-USB-CDC-AI-Face-Detection-Ethernet/Middlewares/ST/netxduo/addons/dhcp/nxd_dhcp_server.c:143:7:_nxe_dhcp_server_create	32	static,ignoring_inline_asm
/home/ck/Desktop/Workspace/STM32CubeIDE Workspace/STM32N6570-ThreadX-USB-CDC-AI-Face-Detection-Ethernet/Middlewares/ST/netxduo/addons/dhcp/nxd_dhcp_server.c:229:7:_nx_dhcp_server_create	32	static
/home/ck/Desktop/Workspace/STM32CubeIDE Workspace/STM32N6570-ThreadX-USB-CDC-AI-Face-Detection-Ethernet/Middlewares/ST/netxduo/addons/dhcp/nxd_dhcp_server.c:725:7:_nx_dhcp_server_delete	16	static
/home/ck/Desktop/Workspace/STM32CubeIDE Workspace/STM32N6570-ThreadX-USB-CDC-AI-Face-Detection-Ethernet/Middlewares/ST/netxduo/addons/dhcp/nxd_dhcp_server.c:654:7:_nxe_dhcp_server_delete	8	static,ignoring_inline_asm
/home/ck/Desktop/Workspace/STM32CubeIDE Workspace/STM32N6570-ThreadX-USB-CDC-AI-Face-Detection-Ethernet/Middlewares/ST/netxduo/addons/dhcp/nxd_dhcp_server.c:905:7:_nx_dhcp_create_server_ip_address_list	24	static
/home/ck/Desktop/Workspace/STM32CubeIDE Workspace/STM32N6570-ThreadX-USB-CDC-AI-Face-Detection-Ethernet/Middlewares/ST/netxduo/addons/dhcp/nxd_dhcp_server.c:816:6:_nxe_dhcp_create_server_ip_address_list	12	static
/home/ck/Desktop/Workspace/STM32CubeIDE Workspace/STM32N6570-ThreadX-USB-CDC-AI-Face-Detection-Ethernet/Middlewares/ST/netxduo/addons/dhcp/nxd_dhcp_server.c:1066:7:_nxe_dhcp_set_interface_network_parameters	24	static
/home/ck/Desktop/Workspace/STM32CubeIDE Workspace/STM32N6570-ThreadX-USB-CDC-AI-Face-Detection-Ethernet/Middlewares/ST/netxduo/addons/dhcp/nxd_dhcp_server.c:1140:7:_nx_dhcp_set_interface_network_parameters	24	static
/home/ck/Desktop/Workspace/STM32CubeIDE Workspace/STM32N6570-ThreadX-USB-CDC-AI-Face-Detection-Ethernet/Middlewares/ST/netxduo/addons/dhcp/nxd_dhcp_server.c:1286:7:_nx_dhcp_server_start	16	static
/home/ck/Desktop/Workspace/STM32CubeIDE Workspace/STM32N6570-ThreadX-USB-CDC-AI-Face-Detection-Ethernet/Middlewares/ST/netxduo/addons/dhcp/nxd_dhcp_server.c:1217:7:_nxe_dhcp_server_start	0	static,ignoring_inline_asm
/home/ck/Desktop/Workspace/STM32CubeIDE Workspace/STM32N6570-ThreadX-USB-CDC-AI-Face-Detection-Ethernet/Middlewares/ST/netxduo/addons/dhcp/nxd_dhcp_server.c:1372:7:_nxe_dhcp_server_stop	8	static,ignoring_inline_asm
/home/ck/Desktop/Workspace/STM32CubeIDE Workspace/STM32N6570-ThreadX-USB-CDC-AI-Face-Detection-Ethernet/Middlewares/ST/netxduo/addons/dhcp/nxd_dhcp_server.c:1441:7:_nx_dhcp_server_stop	8	static
/home/ck/Desktop/Workspace/STM32CubeIDE Workspace/STM32N6570-ThreadX-USB-CDC-AI-Face-Detection-Ethernet/Middlewares/ST/netxduo/addons/dhcp/nxd_dhcp_server.c:2177:7:_nxe_dhcp_clear_client_record	8	static,ignoring_inline_asm
/home/ck/Desktop/Workspace/STM32CubeIDE Workspace/STM32N6570-ThreadX-USB-CDC-AI-Face-Detection-Ethernet/Middlewares/ST/netxduo/addons/dhcp/nxd_dhcp_server.c:2247:7:_nx_dhcp_clear_client_record	8	static
