/home/ck/Desktop/Workspace/STM32CubeIDE Workspace/STM32N6570-ThreadX-USB-CDC-AI-Face-Detection-Ethernet/Drivers/BSP/STM32N6570-DK/stm32n6570_discovery_usbpd_pwr.c:1479:13:PWR_TCPP0203_Configure_ADC	464	static,ignoring_inline_asm
/home/ck/Desktop/Workspace/STM32CubeIDE Workspace/STM32N6570-ThreadX-USB-CDC-AI-Face-Detection-Ethernet/Drivers/BSP/STM32N6570-DK/stm32n6570_discovery_usbpd_pwr.c:183:9:BSP_USBPD_PWR_Init	72	static,ignoring_inline_asm
/home/ck/Desktop/Workspace/STM32CubeIDE Workspace/STM32N6570-ThreadX-USB-CDC-AI-Face-Detection-Ethernet/Drivers/BSP/STM32N6570-DK/stm32n6570_discovery_usbpd_pwr.c:252:9:BSP_USBPD_PWR_Deinit	0	static
/home/ck/Desktop/Workspace/STM32CubeIDE Workspace/STM32N6570-ThreadX-USB-CDC-AI-Face-Detection-Ethernet/Drivers/BSP/STM32N6570-DK/stm32n6570_discovery_usbpd_pwr.c:299:9:BSP_USBPD_PWR_SetRole	8	static
/home/ck/Desktop/Workspace/STM32CubeIDE Workspace/STM32N6570-ThreadX-USB-CDC-AI-Face-Detection-Ethernet/Drivers/BSP/STM32N6570-DK/stm32n6570_discovery_usbpd_pwr.c:363:9:BSP_USBPD_PWR_SetPowerMode	32	static
/home/ck/Desktop/Workspace/STM32CubeIDE Workspace/STM32N6570-ThreadX-USB-CDC-AI-Face-Detection-Ethernet/Drivers/BSP/STM32N6570-DK/stm32n6570_discovery_usbpd_pwr.c:481:9:BSP_USBPD_PWR_GetPowerMode	0	static
/home/ck/Desktop/Workspace/STM32CubeIDE Workspace/STM32N6570-ThreadX-USB-CDC-AI-Face-Detection-Ethernet/Drivers/BSP/STM32N6570-DK/stm32n6570_discovery_usbpd_pwr.c:509:9:BSP_USBPD_PWR_VBUSInit	16	static
/home/ck/Desktop/Workspace/STM32CubeIDE Workspace/STM32N6570-ThreadX-USB-CDC-AI-Face-Detection-Ethernet/Drivers/BSP/STM32N6570-DK/stm32n6570_discovery_usbpd_pwr.c:556:9:BSP_USBPD_PWR_VBUSDeInit	8	static
/home/ck/Desktop/Workspace/STM32CubeIDE Workspace/STM32N6570-ThreadX-USB-CDC-AI-Face-Detection-Ethernet/Drivers/BSP/STM32N6570-DK/stm32n6570_discovery_usbpd_pwr.c:614:9:BSP_USBPD_PWR_VBUSOn	8	static
/home/ck/Desktop/Workspace/STM32CubeIDE Workspace/STM32N6570-ThreadX-USB-CDC-AI-Face-Detection-Ethernet/Drivers/BSP/STM32N6570-DK/stm32n6570_discovery_usbpd_pwr.c:675:9:BSP_USBPD_PWR_VBUSOff	24	static
/home/ck/Desktop/Workspace/STM32CubeIDE Workspace/STM32N6570-ThreadX-USB-CDC-AI-Face-Detection-Ethernet/Drivers/BSP/STM32N6570-DK/stm32n6570_discovery_usbpd_pwr.c:749:9:BSP_USBPD_PWR_VBUSIsOn	16	static
/home/ck/Desktop/Workspace/STM32CubeIDE Workspace/STM32N6570-ThreadX-USB-CDC-AI-Face-Detection-Ethernet/Drivers/BSP/STM32N6570-DK/stm32n6570_discovery_usbpd_pwr.c:791:9:BSP_USBPD_PWR_VBUSSetVoltage_Fixed	0	static
/home/ck/Desktop/Workspace/STM32CubeIDE Workspace/STM32N6570-ThreadX-USB-CDC-AI-Face-Detection-Ethernet/Drivers/BSP/STM32N6570-DK/stm32n6570_discovery_usbpd_pwr.c:820:9:BSP_USBPD_PWR_VBUSSetVoltage_Variable	0	static
/home/ck/Desktop/Workspace/STM32CubeIDE Workspace/STM32N6570-ThreadX-USB-CDC-AI-Face-Detection-Ethernet/Drivers/BSP/STM32N6570-DK/stm32n6570_discovery_usbpd_pwr.c:855:9:BSP_USBPD_PWR_VBUSSetVoltage_Battery	0	static
/home/ck/Desktop/Workspace/STM32CubeIDE Workspace/STM32N6570-ThreadX-USB-CDC-AI-Face-Detection-Ethernet/Drivers/BSP/STM32N6570-DK/stm32n6570_discovery_usbpd_pwr.c:893:9:BSP_USBPD_PWR_VBUSSetVoltage_APDO	0	static
/home/ck/Desktop/Workspace/STM32CubeIDE Workspace/STM32N6570-ThreadX-USB-CDC-AI-Face-Detection-Ethernet/Drivers/BSP/STM32N6570-DK/stm32n6570_discovery_usbpd_pwr.c:925:9:BSP_USBPD_PWR_SetVBUSDisconnectionThreshold	0	static
/home/ck/Desktop/Workspace/STM32CubeIDE Workspace/STM32N6570-ThreadX-USB-CDC-AI-Face-Detection-Ethernet/Drivers/BSP/STM32N6570-DK/stm32n6570_discovery_usbpd_pwr.c:955:9:BSP_USBPD_PWR_RegisterVBUSDetectCallback	0	static
/home/ck/Desktop/Workspace/STM32CubeIDE Workspace/STM32N6570-ThreadX-USB-CDC-AI-Face-Detection-Ethernet/Drivers/BSP/STM32N6570-DK/stm32n6570_discovery_usbpd_pwr.c:981:9:BSP_USBPD_PWR_VBUSGetVoltage	4	static
/home/ck/Desktop/Workspace/STM32CubeIDE Workspace/STM32N6570-ThreadX-USB-CDC-AI-Face-Detection-Ethernet/Drivers/BSP/STM32N6570-DK/stm32n6570_discovery_usbpd_pwr.c:1010:9:BSP_USBPD_PWR_VBUSGetCurrent	0	static
/home/ck/Desktop/Workspace/STM32CubeIDE Workspace/STM32N6570-ThreadX-USB-CDC-AI-Face-Detection-Ethernet/Drivers/BSP/STM32N6570-DK/stm32n6570_discovery_usbpd_pwr.c:1039:9:BSP_USBPD_PWR_VBUSDischargeOn	8	static
/home/ck/Desktop/Workspace/STM32CubeIDE Workspace/STM32N6570-ThreadX-USB-CDC-AI-Face-Detection-Ethernet/Drivers/BSP/STM32N6570-DK/stm32n6570_discovery_usbpd_pwr.c:1076:9:BSP_USBPD_PWR_VBUSDischargeOff	8	static
/home/ck/Desktop/Workspace/STM32CubeIDE Workspace/STM32N6570-ThreadX-USB-CDC-AI-Face-Detection-Ethernet/Drivers/BSP/STM32N6570-DK/stm32n6570_discovery_usbpd_pwr.c:1109:9:BSP_USBPD_PWR_VCONNInit	16	static
/home/ck/Desktop/Workspace/STM32CubeIDE Workspace/STM32N6570-ThreadX-USB-CDC-AI-Face-Detection-Ethernet/Drivers/BSP/STM32N6570-DK/stm32n6570_discovery_usbpd_pwr.c:1155:9:BSP_USBPD_PWR_VCONNDeInit	8	static
/home/ck/Desktop/Workspace/STM32CubeIDE Workspace/STM32N6570-ThreadX-USB-CDC-AI-Face-Detection-Ethernet/Drivers/BSP/STM32N6570-DK/stm32n6570_discovery_usbpd_pwr.c:1203:9:BSP_USBPD_PWR_VCONNOn	8	static
/home/ck/Desktop/Workspace/STM32CubeIDE Workspace/STM32N6570-ThreadX-USB-CDC-AI-Face-Detection-Ethernet/Drivers/BSP/STM32N6570-DK/stm32n6570_discovery_usbpd_pwr.c:1249:9:BSP_USBPD_PWR_VCONNOff	16	static
/home/ck/Desktop/Workspace/STM32CubeIDE Workspace/STM32N6570-ThreadX-USB-CDC-AI-Face-Detection-Ethernet/Drivers/BSP/STM32N6570-DK/stm32n6570_discovery_usbpd_pwr.c:1303:9:BSP_USBPD_PWR_VCONNIsOn	24	static
/home/ck/Desktop/Workspace/STM32CubeIDE Workspace/STM32N6570-ThreadX-USB-CDC-AI-Face-Detection-Ethernet/Drivers/BSP/STM32N6570-DK/stm32n6570_discovery_usbpd_pwr.c:1346:9:BSP_USBPD_PWR_VCONNDischargeOn	8	static
/home/ck/Desktop/Workspace/STM32CubeIDE Workspace/STM32N6570-ThreadX-USB-CDC-AI-Face-Detection-Ethernet/Drivers/BSP/STM32N6570-DK/stm32n6570_discovery_usbpd_pwr.c:1383:9:BSP_USBPD_PWR_VCONNDischargeOff	8	static
/home/ck/Desktop/Workspace/STM32CubeIDE Workspace/STM32N6570-ThreadX-USB-CDC-AI-Face-Detection-Ethernet/Drivers/BSP/STM32N6570-DK/stm32n6570_discovery_usbpd_pwr.c:1412:6:BSP_USBPD_PWR_EventCallback	40	static
