/home/ck/Desktop/Workspace/STM32CubeIDE Workspace/STM32N6570-ThreadX-USB-CDC-AI-Face-Detection-Ethernet/Drivers/BSP/STM32N6570-DK/stm32n6570_discovery_xspi.c:1800:16:XSPI_NOR_EnterSOPIMode.constprop	32	static
/home/ck/Desktop/Workspace/STM32CubeIDE Workspace/STM32N6570-ThreadX-USB-CDC-AI-Face-Detection-Ethernet/Drivers/BSP/STM32N6570-DK/stm32n6570_discovery_xspi.c:1738:16:XSPI_NOR_EnterDOPIMode.constprop	32	static
/home/ck/Desktop/Workspace/STM32CubeIDE Workspace/STM32N6570-ThreadX-USB-CDC-AI-Face-Detection-Ethernet/Drivers/BSP/STM32N6570-DK/stm32n6570_discovery_xspi.c:282:9:BSP_XSPI_NOR_DeInit	16	static
/home/ck/Desktop/Workspace/STM32CubeIDE Workspace/STM32N6570-ThreadX-USB-CDC-AI-Face-Detection-Ethernet/Drivers/BSP/STM32N6570-DK/stm32n6570_discovery_xspi.c:338:26:MX_XSPI_NOR_Init	8	static
/home/ck/Desktop/Workspace/STM32CubeIDE Workspace/STM32N6570-ThreadX-USB-CDC-AI-Face-Detection-Ethernet/Drivers/BSP/STM32N6570-DK/stm32n6570_discovery_xspi.c:456:9:BSP_XSPI_NOR_Read	24	static
/home/ck/Desktop/Workspace/STM32CubeIDE Workspace/STM32N6570-ThreadX-USB-CDC-AI-Face-Detection-Ethernet/Drivers/BSP/STM32N6570-DK/stm32n6570_discovery_xspi.c:508:9:BSP_XSPI_NOR_Write	32	static
/home/ck/Desktop/Workspace/STM32CubeIDE Workspace/STM32N6570-ThreadX-USB-CDC-AI-Face-Detection-Ethernet/Drivers/BSP/STM32N6570-DK/stm32n6570_discovery_xspi.c:607:9:BSP_XSPI_NOR_Erase_Block	24	static
/home/ck/Desktop/Workspace/STM32CubeIDE Workspace/STM32N6570-ThreadX-USB-CDC-AI-Face-Detection-Ethernet/Drivers/BSP/STM32N6570-DK/stm32n6570_discovery_xspi.c:650:9:BSP_XSPI_NOR_Erase_Chip	8	static
/home/ck/Desktop/Workspace/STM32CubeIDE Workspace/STM32N6570-ThreadX-USB-CDC-AI-Face-Detection-Ethernet/Drivers/BSP/STM32N6570-DK/stm32n6570_discovery_xspi.c:692:9:BSP_XSPI_NOR_GetStatus	16	static
/home/ck/Desktop/Workspace/STM32CubeIDE Workspace/STM32N6570-ThreadX-USB-CDC-AI-Face-Detection-Ethernet/Drivers/BSP/STM32N6570-DK/stm32n6570_discovery_xspi.c:742:9:BSP_XSPI_NOR_GetInfo	8	static
/home/ck/Desktop/Workspace/STM32CubeIDE Workspace/STM32N6570-ThreadX-USB-CDC-AI-Face-Detection-Ethernet/Drivers/BSP/STM32N6570-DK/stm32n6570_discovery_xspi.c:765:9:BSP_XSPI_NOR_EnableMemoryMappedMode	8	static
/home/ck/Desktop/Workspace/STM32CubeIDE Workspace/STM32N6570-ThreadX-USB-CDC-AI-Face-Detection-Ethernet/Drivers/BSP/STM32N6570-DK/stm32n6570_discovery_xspi.c:817:9:BSP_XSPI_NOR_DisableMemoryMappedMode	8	static
/home/ck/Desktop/Workspace/STM32CubeIDE Workspace/STM32N6570-ThreadX-USB-CDC-AI-Face-Detection-Ethernet/Drivers/BSP/STM32N6570-DK/stm32n6570_discovery_xspi.c:853:9:BSP_XSPI_NOR_ReadID	8	static
/home/ck/Desktop/Workspace/STM32CubeIDE Workspace/STM32N6570-ThreadX-USB-CDC-AI-Face-Detection-Ethernet/Drivers/BSP/STM32N6570-DK/stm32n6570_discovery_xspi.c:885:9:BSP_XSPI_NOR_ConfigFlash	32	static
/home/ck/Desktop/Workspace/STM32CubeIDE Workspace/STM32N6570-ThreadX-USB-CDC-AI-Face-Detection-Ethernet/Drivers/BSP/STM32N6570-DK/stm32n6570_discovery_xspi.c:200:9:BSP_XSPI_NOR_Init	136	static,ignoring_inline_asm
/home/ck/Desktop/Workspace/STM32CubeIDE Workspace/STM32N6570-ThreadX-USB-CDC-AI-Face-Detection-Ethernet/Drivers/BSP/STM32N6570-DK/stm32n6570_discovery_xspi.c:967:9:BSP_XSPI_NOR_SuspendErase	8	static
/home/ck/Desktop/Workspace/STM32CubeIDE Workspace/STM32N6570-ThreadX-USB-CDC-AI-Face-Detection-Ethernet/Drivers/BSP/STM32N6570-DK/stm32n6570_discovery_xspi.c:1004:9:BSP_XSPI_NOR_ResumeErase	8	static
/home/ck/Desktop/Workspace/STM32CubeIDE Workspace/STM32N6570-ThreadX-USB-CDC-AI-Face-Detection-Ethernet/Drivers/BSP/STM32N6570-DK/stm32n6570_discovery_xspi.c:1046:9:BSP_XSPI_NOR_EnterDeepPowerDown	8	static
/home/ck/Desktop/Workspace/STM32CubeIDE Workspace/STM32N6570-ThreadX-USB-CDC-AI-Face-Detection-Ethernet/Drivers/BSP/STM32N6570-DK/stm32n6570_discovery_xspi.c:1076:9:BSP_XSPI_NOR_LeaveDeepPowerDown	8	static
/home/ck/Desktop/Workspace/STM32CubeIDE Workspace/STM32N6570-ThreadX-USB-CDC-AI-Face-Detection-Ethernet/Drivers/BSP/STM32N6570-DK/stm32n6570_discovery_xspi.c:1183:9:BSP_XSPI_RAM_DeInit	16	static
/home/ck/Desktop/Workspace/STM32CubeIDE Workspace/STM32N6570-ThreadX-USB-CDC-AI-Face-Detection-Ethernet/Drivers/BSP/STM32N6570-DK/stm32n6570_discovery_xspi.c:1240:26:MX_XSPI_RAM_Init	16	static
/home/ck/Desktop/Workspace/STM32CubeIDE Workspace/STM32N6570-ThreadX-USB-CDC-AI-Face-Detection-Ethernet/Drivers/BSP/STM32N6570-DK/stm32n6570_discovery_xspi.c:1115:9:BSP_XSPI_RAM_Init	120	static
/home/ck/Desktop/Workspace/STM32CubeIDE Workspace/STM32N6570-ThreadX-USB-CDC-AI-Face-Detection-Ethernet/Drivers/BSP/STM32N6570-DK/stm32n6570_discovery_xspi.c:1357:9:BSP_XSPI_RAM_Read	32	static
/home/ck/Desktop/Workspace/STM32CubeIDE Workspace/STM32N6570-ThreadX-USB-CDC-AI-Face-Detection-Ethernet/Drivers/BSP/STM32N6570-DK/stm32n6570_discovery_xspi.c:1386:9:BSP_XSPI_RAM_Write	32	static
/home/ck/Desktop/Workspace/STM32CubeIDE Workspace/STM32N6570-ThreadX-USB-CDC-AI-Face-Detection-Ethernet/Drivers/BSP/STM32N6570-DK/stm32n6570_discovery_xspi.c:1412:9:BSP_XSPI_RAM_EnableMemoryMappedMode	16	static
/home/ck/Desktop/Workspace/STM32CubeIDE Workspace/STM32N6570-ThreadX-USB-CDC-AI-Face-Detection-Ethernet/Drivers/BSP/STM32N6570-DK/stm32n6570_discovery_xspi.c:1439:9:BSP_XSPI_RAM_DisableMemoryMappedMode	8	static
/home/ck/Desktop/Workspace/STM32CubeIDE Workspace/STM32N6570-ThreadX-USB-CDC-AI-Face-Detection-Ethernet/Drivers/BSP/STM32N6570-DK/stm32n6570_discovery_xspi.c:1477:9:BSP_XSPI_RAM_ReadID	8	static
