/home/ck/Desktop/Workspace/STM32CubeIDE Workspace/STM32N6570-ThreadX-USB-CDC-AI-Face-Detection-Ethernet/Middlewares/ST/netxduo/addons/web/nx_tcpserver.c:87:13:_nx_tcpserver_session_allocate	4	static
/home/ck/Desktop/Workspace/STM32CubeIDE Workspace/STM32N6570-ThreadX-USB-CDC-AI-Face-Detection-Ethernet/Middlewares/ST/netxduo/addons/web/nx_tcpserver.c:796:13:_nx_tcpserver_data_present	0	static
/home/ck/Desktop/Workspace/STM32CubeIDE Workspace/STM32N6570-ThreadX-USB-CDC-AI-Face-Detection-Ethernet/Middlewares/ST/netxduo/addons/web/nx_tcpserver.c:845:13:_nx_tcpserver_disconnect_present	0	static
/home/ck/Desktop/Workspace/STM32CubeIDE Workspace/STM32N6570-ThreadX-USB-CDC-AI-Face-Detection-Ethernet/Middlewares/ST/netxduo/addons/web/nx_tcpserver.c:893:13:_nx_tcpserver_timeout	0	static
/home/ck/Desktop/Workspace/STM32CubeIDE Workspace/STM32N6570-ThreadX-USB-CDC-AI-Face-Detection-Ethernet/Middlewares/ST/netxduo/addons/web/nx_tcpserver.c:744:13:_nx_tcpserver_connect_present	0	static
/home/ck/Desktop/Workspace/STM32CubeIDE Workspace/STM32N6570-ThreadX-USB-CDC-AI-Face-Detection-Ethernet/Middlewares/ST/netxduo/addons/web/nx_tcpserver.c:172:13:_nx_tcpserver_relisten.isra	24	static
/home/ck/Desktop/Workspace/STM32CubeIDE Workspace/STM32N6570-ThreadX-USB-CDC-AI-Face-Detection-Ethernet/Middlewares/ST/netxduo/addons/web/nx_tcpserver.c:1345:13:_nx_tcpserver_thread_entry	48	static
/home/ck/Desktop/Workspace/STM32CubeIDE Workspace/STM32N6570-ThreadX-USB-CDC-AI-Face-Detection-Ethernet/Middlewares/ST/netxduo/addons/web/nx_tcpserver.c:290:6:_nx_tcpserver_create	96	static
/home/ck/Desktop/Workspace/STM32CubeIDE Workspace/STM32N6570-ThreadX-USB-CDC-AI-Face-Detection-Ethernet/Middlewares/ST/netxduo/addons/web/nx_tcpserver.c:670:6:_nx_tcpserver_start	40	static
/home/ck/Desktop/Workspace/STM32CubeIDE Workspace/STM32N6570-ThreadX-USB-CDC-AI-Face-Detection-Ethernet/Middlewares/ST/netxduo/addons/web/nx_tcpserver.c:1449:6:_nx_tcpserver_stop	8	static
/home/ck/Desktop/Workspace/STM32CubeIDE Workspace/STM32N6570-ThreadX-USB-CDC-AI-Face-Detection-Ethernet/Middlewares/ST/netxduo/addons/web/nx_tcpserver.c:1525:6:_nx_tcpserver_delete	24	static
