../Application/NetXDuo/App/app_netxduo.c:217:13:NetXDuo_IP_Change_Callback	16	static
../Application/NetXDuo/App/app_netxduo.c:18:6:MX_NetXDuo_Init	48	static
../Application/NetXDuo/App/app_netxduo.c:67:6:NetXDuo_DHCP_Wait	16	static
../Application/NetXDuo/App/app_netxduo.c:87:6:NetXDuo_TCP_Server_Start	48	static
../Application/NetXDuo/App/app_netxduo.c:104:6:NetXDuo_TCP_Receive_Packet	0	static
../Application/NetXDuo/App/app_netxduo.c:109:6:NetXDuo_TCP_Accept	8	static
../Application/NetXDuo/App/app_netxduo.c:120:6:NetXDuo_TCP_Receive	40	static
../Application/NetXDuo/App/app_netxduo.c:137:6:NetXDuo_TCP_Get_TX_Buffer	16	static
../Application/NetXDuo/App/app_netxduo.c:155:6:NetXDuo_TCP_Send_ZeroCopy	16	static
../Application/NetXDuo/App/app_netxduo.c:178:6:NetXDuo_TCP_Send	40	static
../Application/NetXDuo/App/app_netxduo.c:208:6:NetXDuo_TCP_Disconnect	8	static
