/home/ck/Desktop/Workspace/STM32CubeIDE Workspace/STM32N6570-ThreadX-USB-CDC-AI-Face-Detection-Ethernet/Middlewares/ST/stm32-vision-models-postprocessing/lib_vision_models_pp/Src/od_pp_st_yolox.c:19:9:st_yolox_nms_comparator	0	static
/home/ck/Desktop/Workspace/STM32CubeIDE Workspace/STM32N6570-ThreadX-USB-CDC-AI-Face-Detection-Ethernet/Middlewares/ST/stm32-vision-models-postprocessing/lib_vision_models_pp/Src/od_pp_st_yolox.c:53:9:st_yolox_pp_nmsFiltering_centroid	40	static
/home/ck/Desktop/Workspace/STM32CubeIDE Workspace/STM32N6570-ThreadX-USB-CDC-AI-Face-Detection-Ethernet/Middlewares/ST/stm32-vision-models-postprocessing/lib_vision_models_pp/Src/od_pp_st_yolox.c:115:9:st_yolox_pp_scoreFiltering_centroid	12	static
/home/ck/Desktop/Workspace/STM32CubeIDE Workspace/STM32N6570-ThreadX-USB-CDC-AI-Face-Detection-Ethernet/Middlewares/ST/stm32-vision-models-postprocessing/lib_vision_models_pp/Src/od_pp_st_yolox.c:139:9:st_yolox_pp_level_decode_and_store	112	static
/home/ck/Desktop/Workspace/STM32CubeIDE Workspace/STM32N6570-ThreadX-USB-CDC-AI-Face-Detection-Ethernet/Middlewares/ST/stm32-vision-models-postprocessing/lib_vision_models_pp/Src/od_pp_st_yolox.c:237:9:st_yolox_pp_level_decode_and_store_is8	120	static
/home/ck/Desktop/Workspace/STM32CubeIDE Workspace/STM32N6570-ThreadX-USB-CDC-AI-Face-Detection-Ethernet/Middlewares/ST/stm32-vision-models-postprocessing/lib_vision_models_pp/Src/od_pp_st_yolox.c:370:9:st_yolox_pp_getNNBoxes_centroid	32	static
/home/ck/Desktop/Workspace/STM32CubeIDE Workspace/STM32N6570-ThreadX-USB-CDC-AI-Face-Detection-Ethernet/Middlewares/ST/stm32-vision-models-postprocessing/lib_vision_models_pp/Src/od_pp_st_yolox.c:415:9:st_yolox_pp_getNNBoxes_centroid_is8	40	static
/home/ck/Desktop/Workspace/STM32CubeIDE Workspace/STM32N6570-ThreadX-USB-CDC-AI-Face-Detection-Ethernet/Middlewares/ST/stm32-vision-models-postprocessing/lib_vision_models_pp/Src/od_pp_st_yolox.c:469:9:od_st_yolox_pp_reset	0	static
/home/ck/Desktop/Workspace/STM32CubeIDE Workspace/STM32N6570-ThreadX-USB-CDC-AI-Face-Detection-Ethernet/Middlewares/ST/stm32-vision-models-postprocessing/lib_vision_models_pp/Src/od_pp_st_yolox.c:478:9:od_st_yolox_pp_process	16	static
/home/ck/Desktop/Workspace/STM32CubeIDE Workspace/STM32N6570-ThreadX-USB-CDC-AI-Face-Detection-Ethernet/Middlewares/ST/stm32-vision-models-postprocessing/lib_vision_models_pp/Src/od_pp_st_yolox.c:502:9:od_st_yolox_pp_process_int8	16	static
