/home/ck/Desktop/Workspace/STM32CubeIDE Workspace/STM32N6570-ThreadX-USB-CDC-AI-Face-Detection-Ethernet/Middlewares/ST/stm32-vision-models-postprocessing/lib_vision_models_pp/Src/vision_models_pp.c:14:11:vision_models_sigmoid_f	8	static
/home/ck/Desktop/Workspace/STM32CubeIDE Workspace/STM32N6570-ThreadX-USB-CDC-AI-Face-Detection-Ethernet/Middlewares/ST/stm32-vision-models-postprocessing/lib_vision_models_pp/Src/vision_models_pp.c:20:6:vision_models_softmax_f	48	static
/home/ck/Desktop/Workspace/STM32CubeIDE Workspace/STM32N6570-ThreadX-USB-CDC-AI-Face-Detection-Ethernet/Middlewares/ST/stm32-vision-models-postprocessing/lib_vision_models_pp/Src/vision_models_pp.c:46:11:overlap	0	static
/home/ck/Desktop/Workspace/STM32CubeIDE Workspace/STM32N6570-ThreadX-USB-CDC-AI-Face-Detection-Ethernet/Middlewares/ST/stm32-vision-models-postprocessing/lib_vision_models_pp/Src/vision_models_pp.c:58:11:box_intersection	0	static
/home/ck/Desktop/Workspace/STM32CubeIDE Workspace/STM32N6570-ThreadX-USB-CDC-AI-Face-Detection-Ethernet/Middlewares/ST/stm32-vision-models-postprocessing/lib_vision_models_pp/Src/vision_models_pp.c:68:11:box_union	0	static
/home/ck/Desktop/Workspace/STM32CubeIDE Workspace/STM32N6570-ThreadX-USB-CDC-AI-Face-Detection-Ethernet/Middlewares/ST/stm32-vision-models-postprocessing/lib_vision_models_pp/Src/vision_models_pp.c:76:11:vision_models_box_iou	8	static
/home/ck/Desktop/Workspace/STM32CubeIDE Workspace/STM32N6570-ThreadX-USB-CDC-AI-Face-Detection-Ethernet/Middlewares/ST/stm32-vision-models-postprocessing/lib_vision_models_pp/Src/vision_models_pp.c:87:9:twice_overlap_int	0	static
/home/ck/Desktop/Workspace/STM32CubeIDE Workspace/STM32N6570-ThreadX-USB-CDC-AI-Face-Detection-Ethernet/Middlewares/ST/stm32-vision-models-postprocessing/lib_vision_models_pp/Src/vision_models_pp.c:99:9:box_intersection_is8	12	static
/home/ck/Desktop/Workspace/STM32CubeIDE Workspace/STM32N6570-ThreadX-USB-CDC-AI-Face-Detection-Ethernet/Middlewares/ST/stm32-vision-models-postprocessing/lib_vision_models_pp/Src/vision_models_pp.c:109:9:box_union_is8	16	static
/home/ck/Desktop/Workspace/STM32CubeIDE Workspace/STM32N6570-ThreadX-USB-CDC-AI-Face-Detection-Ethernet/Middlewares/ST/stm32-vision-models-postprocessing/lib_vision_models_pp/Src/vision_models_pp.c:117:11:vision_models_box_iou_is8	56	static
/home/ck/Desktop/Workspace/STM32CubeIDE Workspace/STM32N6570-ThreadX-USB-CDC-AI-Face-Detection-Ethernet/Middlewares/ST/stm32-vision-models-postprocessing/lib_vision_models_pp/Src/vision_models_pp.c:130:6:transpose_flattened_2D	20	static
/home/ck/Desktop/Workspace/STM32CubeIDE Workspace/STM32N6570-ThreadX-USB-CDC-AI-Face-Detection-Ethernet/Middlewares/ST/stm32-vision-models-postprocessing/lib_vision_models_pp/Src/vision_models_pp.c:151:6:dequantize	4	static
