/home/ck/Desktop/Workspace/STM32CubeIDE Workspace/STM32N6570-ThreadX-USB-CDC-AI-Face-Detection-Ethernet/Middlewares/ST/stm32-mw-camera/sensors/cmw_vd56g3.c:89:13:VD6G_ShutdownPin	0	static
/home/ck/Desktop/Workspace/STM32CubeIDE Workspace/STM32N6570-ThreadX-USB-CDC-AI-Face-Detection-Ethernet/Middlewares/ST/stm32-mw-camera/sensors/cmw_vd56g3.c:96:12:VD6G_Read8	4	static
/home/ck/Desktop/Workspace/STM32CubeIDE Workspace/STM32N6570-ThreadX-USB-CDC-AI-Face-Detection-Ethernet/Middlewares/ST/stm32-mw-camera/sensors/cmw_vd56g3.c:117:12:VD6G_Write8	16	static
/home/ck/Desktop/Workspace/STM32CubeIDE Workspace/STM32N6570-ThreadX-USB-CDC-AI-Face-Detection-Ethernet/Middlewares/ST/stm32-mw-camera/sensors/cmw_vd56g3.c:124:12:VD6G_Write16	16	static
/home/ck/Desktop/Workspace/STM32CubeIDE Workspace/STM32N6570-ThreadX-USB-CDC-AI-Face-Detection-Ethernet/Middlewares/ST/stm32-mw-camera/sensors/cmw_vd56g3.c:131:12:VD6G_Write32	16	static
/home/ck/Desktop/Workspace/STM32CubeIDE Workspace/STM32N6570-ThreadX-USB-CDC-AI-Face-Detection-Ethernet/Middlewares/ST/stm32-mw-camera/sensors/cmw_vd56g3.c:138:12:VD6G_WriteArray	32	static
/home/ck/Desktop/Workspace/STM32CubeIDE Workspace/STM32N6570-ThreadX-USB-CDC-AI-Face-Detection-Ethernet/Middlewares/ST/stm32-mw-camera/sensors/cmw_vd56g3.c:158:13:VD6G_Delay	0	static
/home/ck/Desktop/Workspace/STM32CubeIDE Workspace/STM32N6570-ThreadX-USB-CDC-AI-Face-Detection-Ethernet/Middlewares/ST/stm32-mw-camera/sensors/cmw_vd56g3.c:165:13:VD6G_Log	0	static
/home/ck/Desktop/Workspace/STM32CubeIDE Workspace/STM32N6570-ThreadX-USB-CDC-AI-Face-Detection-Ethernet/Middlewares/ST/stm32-mw-camera/sensors/cmw_vd56g3.c:507:16:CMW_VD56G3_SetTestPattern	0	static
/home/ck/Desktop/Workspace/STM32CubeIDE Workspace/STM32N6570-ThreadX-USB-CDC-AI-Face-Detection-Ethernet/Middlewares/ST/stm32-mw-camera/sensors/cmw_vd56g3.c:458:16:CMW_VD56G3_GetSensorInfo	72	static
/home/ck/Desktop/Workspace/STM32CubeIDE Workspace/STM32N6570-ThreadX-USB-CDC-AI-Face-Detection-Ethernet/Middlewares/ST/stm32-mw-camera/sensors/cmw_vd56g3.c:438:16:CMW_VD56G3_SetExposureMode	8	static
/home/ck/Desktop/Workspace/STM32CubeIDE Workspace/STM32N6570-ThreadX-USB-CDC-AI-Face-Detection-Ethernet/Middlewares/ST/stm32-mw-camera/sensors/cmw_vd56g3.c:433:16:CMW_VD56G3_SetExposure	0	static
/home/ck/Desktop/Workspace/STM32CubeIDE Workspace/STM32N6570-ThreadX-USB-CDC-AI-Face-Detection-Ethernet/Middlewares/ST/stm32-mw-camera/sensors/cmw_vd56g3.c:383:16:CMW_VD56G3_SetGain	72	static
/home/ck/Desktop/Workspace/STM32CubeIDE Workspace/STM32N6570-ThreadX-USB-CDC-AI-Face-Detection-Ethernet/Middlewares/ST/stm32-mw-camera/sensors/cmw_vd56g3.c:370:16:CMW_VD56G3_MirrorFlipConfig	8	static
/home/ck/Desktop/Workspace/STM32CubeIDE Workspace/STM32N6570-ThreadX-USB-CDC-AI-Face-Detection-Ethernet/Middlewares/ST/stm32-mw-camera/sensors/cmw_vd56g3.c:337:16:CMW_VD56G3_Stop	8	static
/home/ck/Desktop/Workspace/STM32CubeIDE Workspace/STM32N6570-ThreadX-USB-CDC-AI-Face-Detection-Ethernet/Middlewares/ST/stm32-mw-camera/sensors/cmw_vd56g3.c:324:16:CMW_VD56G3_Start	8	static
/home/ck/Desktop/Workspace/STM32CubeIDE Workspace/STM32N6570-ThreadX-USB-CDC-AI-Face-Detection-Ethernet/Middlewares/ST/stm32-mw-camera/sensors/cmw_vd56g3.c:350:16:CMW_VD56G3_DeInit	16	static
/home/ck/Desktop/Workspace/STM32CubeIDE Workspace/STM32N6570-ThreadX-USB-CDC-AI-Face-Detection-Ethernet/Middlewares/ST/stm32-mw-camera/sensors/cmw_vd56g3.c:236:16:CMW_VD56G3_Init	72	static
/home/ck/Desktop/Workspace/STM32CubeIDE Workspace/STM32N6570-ThreadX-USB-CDC-AI-Face-Detection-Ethernet/Middlewares/ST/stm32-mw-camera/sensors/cmw_vd56g3.c:110:12:VD6G_Read32	24	static
/home/ck/Desktop/Workspace/STM32CubeIDE Workspace/STM32N6570-ThreadX-USB-CDC-AI-Face-Detection-Ethernet/Middlewares/ST/stm32-mw-camera/sensors/cmw_vd56g3.c:103:12:VD6G_Read16	24	static
/home/ck/Desktop/Workspace/STM32CubeIDE Workspace/STM32N6570-ThreadX-USB-CDC-AI-Face-Detection-Ethernet/Middlewares/ST/stm32-mw-camera/sensors/cmw_vd56g3.c:317:6:CMW_VD56G3_SetDefaultSensorValues	8	static
/home/ck/Desktop/Workspace/STM32CubeIDE Workspace/STM32N6570-ThreadX-USB-CDC-AI-Face-Detection-Ethernet/Middlewares/ST/stm32-mw-camera/sensors/cmw_vd56g3.c:559:5:CMW_VD56G3_Probe	56	static
