/home/ck/Desktop/Workspace/STM32CubeIDE Workspace/STM32N6570-ThreadX-USB-CDC-AI-Face-Detection-Ethernet/Drivers/BSP/Components/rtl8211/rtl8211.c:70:9:RTL8211_Init	32	static
/home/ck/Desktop/Workspace/STM32CubeIDE Workspace/STM32N6570-ThreadX-USB-CDC-AI-Face-Detection-Ethernet/Drivers/BSP/Components/rtl8211/rtl8211.c:205:9:RTL8211_DeInit	8	static
/home/ck/Desktop/Workspace/STM32CubeIDE Workspace/STM32N6570-ThreadX-USB-CDC-AI-Face-Detection-Ethernet/Drivers/BSP/Components/rtl8211/rtl8211.c:230:10:RTL8211_RegisterBusIO	24	static
/home/ck/Desktop/Workspace/STM32CubeIDE Workspace/STM32N6570-ThreadX-USB-CDC-AI-Face-Detection-Ethernet/Drivers/BSP/Components/rtl8211/rtl8211.c:261:9:RTL8211_GetLinkState	24	static
/home/ck/Desktop/Workspace/STM32CubeIDE Workspace/STM32N6570-ThreadX-USB-CDC-AI-Face-Detection-Ethernet/Drivers/BSP/Components/rtl8211/rtl8211.c:372:9:RTL8211_SetLinkState	32	static
