/home/ck/Desktop/Workspace/STM32CubeIDE Workspace/STM32N6570-ThreadX-USB-CDC-AI-Face-Detection-Ethernet/Drivers/STM32N6xx_HAL_Driver/Src/stm32n6xx_hal_pcd_ex.c:70:19:HAL_PCDEx_SetTxFiFo	8	static
/home/ck/Desktop/Workspace/STM32CubeIDE Workspace/STM32N6570-ThreadX-USB-CDC-AI-Face-Detection-Ethernet/Drivers/STM32N6xx_HAL_Driver/Src/stm32n6xx_hal_pcd_ex.c:112:19:HAL_PCDEx_SetRxFiFo	0	static
/home/ck/Desktop/Workspace/STM32CubeIDE Workspace/STM32N6570-ThreadX-USB-CDC-AI-Face-Detection-Ethernet/Drivers/STM32N6xx_HAL_Driver/Src/stm32n6xx_hal_pcd_ex.c:124:19:HAL_PCDEx_ActivateLPM	4	static
/home/ck/Desktop/Workspace/STM32CubeIDE Workspace/STM32N6570-ThreadX-USB-CDC-AI-Face-Detection-Ethernet/Drivers/STM32N6xx_HAL_Driver/Src/stm32n6xx_hal_pcd_ex.c:141:19:HAL_PCDEx_DeActivateLPM	0	static
/home/ck/Desktop/Workspace/STM32CubeIDE Workspace/STM32N6570-ThreadX-USB-CDC-AI-Face-Detection-Ethernet/Drivers/STM32N6xx_HAL_Driver/Src/stm32n6xx_hal_pcd_ex.c:242:19:HAL_PCDEx_ActivateBCD	4	static
/home/ck/Desktop/Workspace/STM32CubeIDE Workspace/STM32N6570-ThreadX-USB-CDC-AI-Face-Detection-Ethernet/Drivers/STM32N6xx_HAL_Driver/Src/stm32n6xx_hal_pcd_ex.c:259:19:HAL_PCDEx_DeActivateBCD	4	static
/home/ck/Desktop/Workspace/STM32CubeIDE Workspace/STM32N6570-ThreadX-USB-CDC-AI-Face-Detection-Ethernet/Drivers/STM32N6xx_HAL_Driver/Src/stm32n6xx_hal_pcd_ex.c:279:13:HAL_PCDEx_LPM_Callback	0	static
/home/ck/Desktop/Workspace/STM32CubeIDE Workspace/STM32N6570-ThreadX-USB-CDC-AI-Face-Detection-Ethernet/Drivers/STM32N6xx_HAL_Driver/Src/stm32n6xx_hal_pcd_ex.c:296:13:HAL_PCDEx_BCD_Callback	0	static
/home/ck/Desktop/Workspace/STM32CubeIDE Workspace/STM32N6570-ThreadX-USB-CDC-AI-Face-Detection-Ethernet/Drivers/STM32N6xx_HAL_Driver/Src/stm32n6xx_hal_pcd_ex.c:158:6:HAL_PCDEx_BCD_VBUSDetect	16	static
