/home/ck/Desktop/Workspace/STM32CubeIDE Workspace/STM32N6570-ThreadX-USB-CDC-AI-Face-Detection-Ethernet/Drivers/STM32N6xx_HAL_Driver/Src/stm32n6xx_hal_pcd.c:278:13:HAL_PCD_MspInit	0	static
/home/ck/Desktop/Workspace/STM32CubeIDE Workspace/STM32N6570-ThreadX-USB-CDC-AI-Face-Detection-Ethernet/Drivers/STM32N6xx_HAL_Driver/Src/stm32n6xx_hal_pcd.c:123:19:HAL_PCD_Init	24	static
/home/ck/Desktop/Workspace/STM32CubeIDE Workspace/STM32N6570-ThreadX-USB-CDC-AI-Face-Detection-Ethernet/Drivers/STM32N6xx_HAL_Driver/Src/stm32n6xx_hal_pcd.c:293:13:HAL_PCD_MspDeInit	0	static
/home/ck/Desktop/Workspace/STM32CubeIDE Workspace/STM32N6570-ThreadX-USB-CDC-AI-Face-Detection-Ethernet/Drivers/STM32N6xx_HAL_Driver/Src/stm32n6xx_hal_pcd.c:239:19:HAL_PCD_DeInit	16	static
/home/ck/Desktop/Workspace/STM32CubeIDE Workspace/STM32N6570-ThreadX-USB-CDC-AI-Face-Detection-Ethernet/Drivers/STM32N6xx_HAL_Driver/Src/stm32n6xx_hal_pcd.c:915:19:HAL_PCD_Start	8	static
/home/ck/Desktop/Workspace/STM32CubeIDE Workspace/STM32N6570-ThreadX-USB-CDC-AI-Face-Detection-Ethernet/Drivers/STM32N6xx_HAL_Driver/Src/stm32n6xx_hal_pcd.c:930:19:HAL_PCD_Stop	8	static
/home/ck/Desktop/Workspace/STM32CubeIDE Workspace/STM32N6570-ThreadX-USB-CDC-AI-Face-Detection-Ethernet/Drivers/STM32N6xx_HAL_Driver/Src/stm32n6xx_hal_pcd.c:1411:13:HAL_PCD_DataOutStageCallback	0	static
/home/ck/Desktop/Workspace/STM32CubeIDE Workspace/STM32N6570-ThreadX-USB-CDC-AI-Face-Detection-Ethernet/Drivers/STM32N6xx_HAL_Driver/Src/stm32n6xx_hal_pcd.c:1428:13:HAL_PCD_DataInStageCallback	0	static
/home/ck/Desktop/Workspace/STM32CubeIDE Workspace/STM32N6570-ThreadX-USB-CDC-AI-Face-Detection-Ethernet/Drivers/STM32N6xx_HAL_Driver/Src/stm32n6xx_hal_pcd.c:1443:13:HAL_PCD_SetupStageCallback	0	static
/home/ck/Desktop/Workspace/STM32CubeIDE Workspace/STM32N6570-ThreadX-USB-CDC-AI-Face-Detection-Ethernet/Drivers/STM32N6xx_HAL_Driver/Src/stm32n6xx_hal_pcd.c:1458:13:HAL_PCD_SOFCallback	0	static
/home/ck/Desktop/Workspace/STM32CubeIDE Workspace/STM32N6570-ThreadX-USB-CDC-AI-Face-Detection-Ethernet/Drivers/STM32N6xx_HAL_Driver/Src/stm32n6xx_hal_pcd.c:1473:13:HAL_PCD_ResetCallback	0	static
/home/ck/Desktop/Workspace/STM32CubeIDE Workspace/STM32N6570-ThreadX-USB-CDC-AI-Face-Detection-Ethernet/Drivers/STM32N6xx_HAL_Driver/Src/stm32n6xx_hal_pcd.c:1488:13:HAL_PCD_SuspendCallback	0	static
/home/ck/Desktop/Workspace/STM32CubeIDE Workspace/STM32N6570-ThreadX-USB-CDC-AI-Face-Detection-Ethernet/Drivers/STM32N6xx_HAL_Driver/Src/stm32n6xx_hal_pcd.c:1503:13:HAL_PCD_ResumeCallback	0	static
/home/ck/Desktop/Workspace/STM32CubeIDE Workspace/STM32N6570-ThreadX-USB-CDC-AI-Face-Detection-Ethernet/Drivers/STM32N6xx_HAL_Driver/Src/stm32n6xx_hal_pcd.c:1519:13:HAL_PCD_ISOOUTIncompleteCallback	0	static
/home/ck/Desktop/Workspace/STM32CubeIDE Workspace/STM32N6570-ThreadX-USB-CDC-AI-Face-Detection-Ethernet/Drivers/STM32N6xx_HAL_Driver/Src/stm32n6xx_hal_pcd.c:1536:13:HAL_PCD_ISOINIncompleteCallback	0	static
/home/ck/Desktop/Workspace/STM32CubeIDE Workspace/STM32N6570-ThreadX-USB-CDC-AI-Face-Detection-Ethernet/Drivers/STM32N6xx_HAL_Driver/Src/stm32n6xx_hal_pcd.c:1552:13:HAL_PCD_ConnectCallback	0	static
/home/ck/Desktop/Workspace/STM32CubeIDE Workspace/STM32N6570-ThreadX-USB-CDC-AI-Face-Detection-Ethernet/Drivers/STM32N6xx_HAL_Driver/Src/stm32n6xx_hal_pcd.c:1567:13:HAL_PCD_DisconnectCallback	0	static
/home/ck/Desktop/Workspace/STM32CubeIDE Workspace/STM32N6570-ThreadX-USB-CDC-AI-Face-Detection-Ethernet/Drivers/STM32N6xx_HAL_Driver/Src/stm32n6xx_hal_pcd.c:948:6:HAL_PCD_IRQHandler	64	static
/home/ck/Desktop/Workspace/STM32CubeIDE Workspace/STM32N6570-ThreadX-USB-CDC-AI-Face-Detection-Ethernet/Drivers/STM32N6xx_HAL_Driver/Src/stm32n6xx_hal_pcd.c:1601:19:HAL_PCD_DevConnect	8	static
/home/ck/Desktop/Workspace/STM32CubeIDE Workspace/STM32N6570-ThreadX-USB-CDC-AI-Face-Detection-Ethernet/Drivers/STM32N6xx_HAL_Driver/Src/stm32n6xx_hal_pcd.c:1615:19:HAL_PCD_DevDisconnect	8	static
/home/ck/Desktop/Workspace/STM32CubeIDE Workspace/STM32N6570-ThreadX-USB-CDC-AI-Face-Detection-Ethernet/Drivers/STM32N6xx_HAL_Driver/Src/stm32n6xx_hal_pcd.c:1630:19:HAL_PCD_SetAddress	8	static
/home/ck/Desktop/Workspace/STM32CubeIDE Workspace/STM32N6570-ThreadX-USB-CDC-AI-Face-Detection-Ethernet/Drivers/STM32N6xx_HAL_Driver/Src/stm32n6xx_hal_pcd.c:1647:19:HAL_PCD_EP_Open	8	static
/home/ck/Desktop/Workspace/STM32CubeIDE Workspace/STM32N6570-ThreadX-USB-CDC-AI-Face-Detection-Ethernet/Drivers/STM32N6xx_HAL_Driver/Src/stm32n6xx_hal_pcd.c:1693:19:HAL_PCD_EP_Close	8	static
/home/ck/Desktop/Workspace/STM32CubeIDE Workspace/STM32N6570-ThreadX-USB-CDC-AI-Face-Detection-Ethernet/Drivers/STM32N6xx_HAL_Driver/Src/stm32n6xx_hal_pcd.c:1724:19:HAL_PCD_EP_Receive	16	static
/home/ck/Desktop/Workspace/STM32CubeIDE Workspace/STM32N6570-ThreadX-USB-CDC-AI-Face-Detection-Ethernet/Drivers/STM32N6xx_HAL_Driver/Src/stm32n6xx_hal_pcd.c:1753:10:HAL_PCD_EP_GetRxCount	0	static
/home/ck/Desktop/Workspace/STM32CubeIDE Workspace/STM32N6570-ThreadX-USB-CDC-AI-Face-Detection-Ethernet/Drivers/STM32N6xx_HAL_Driver/Src/stm32n6xx_hal_pcd.c:1765:19:HAL_PCD_EP_Transmit	16	static
/home/ck/Desktop/Workspace/STM32CubeIDE Workspace/STM32N6570-ThreadX-USB-CDC-AI-Face-Detection-Ethernet/Drivers/STM32N6xx_HAL_Driver/Src/stm32n6xx_hal_pcd.c:1794:19:HAL_PCD_EP_SetStall	16	static
/home/ck/Desktop/Workspace/STM32CubeIDE Workspace/STM32N6570-ThreadX-USB-CDC-AI-Face-Detection-Ethernet/Drivers/STM32N6xx_HAL_Driver/Src/stm32n6xx_hal_pcd.c:1837:19:HAL_PCD_EP_ClrStall	16	static
/home/ck/Desktop/Workspace/STM32CubeIDE Workspace/STM32N6570-ThreadX-USB-CDC-AI-Face-Detection-Ethernet/Drivers/STM32N6xx_HAL_Driver/Src/stm32n6xx_hal_pcd.c:1873:19:HAL_PCD_EP_Abort	0	static
/home/ck/Desktop/Workspace/STM32CubeIDE Workspace/STM32N6570-ThreadX-USB-CDC-AI-Face-Detection-Ethernet/Drivers/STM32N6xx_HAL_Driver/Src/stm32n6xx_hal_pcd.c:1899:19:HAL_PCD_EP_Flush	8	static
/home/ck/Desktop/Workspace/STM32CubeIDE Workspace/STM32N6570-ThreadX-USB-CDC-AI-Face-Detection-Ethernet/Drivers/STM32N6xx_HAL_Driver/Src/stm32n6xx_hal_pcd.c:1922:19:HAL_PCD_ActivateRemoteWakeup	0	static
/home/ck/Desktop/Workspace/STM32CubeIDE Workspace/STM32N6570-ThreadX-USB-CDC-AI-Face-Detection-Ethernet/Drivers/STM32N6xx_HAL_Driver/Src/stm32n6xx_hal_pcd.c:1932:19:HAL_PCD_DeActivateRemoteWakeup	0	static
/home/ck/Desktop/Workspace/STM32CubeIDE Workspace/STM32N6570-ThreadX-USB-CDC-AI-Face-Detection-Ethernet/Drivers/STM32N6xx_HAL_Driver/Src/stm32n6xx_hal_pcd.c:1961:18:HAL_PCD_GetState	0	static
/home/ck/Desktop/Workspace/STM32CubeIDE Workspace/STM32N6570-ThreadX-USB-CDC-AI-Face-Detection-Ethernet/Drivers/STM32N6xx_HAL_Driver/Src/stm32n6xx_hal_pcd.c:1973:19:HAL_PCD_SetTestMode	0	static
