/home/ck/Desktop/Workspace/STM32CubeIDE Workspace/STM32N6570-ThreadX-USB-CDC-AI-Face-Detection-Ethernet/Drivers/STM32N6xx_HAL_Driver/Src/stm32n6xx_hal_xspi.c:3158:13:XSPI_DMACplt	0	static
/home/ck/Desktop/Workspace/STM32CubeIDE Workspace/STM32N6570-ThreadX-USB-CDC-AI-Face-Detection-Ethernet/Drivers/STM32N6xx_HAL_Driver/Src/stm32n6xx_hal_xspi.c:3317:26:XSPI_ConfigCmd	24	static
/home/ck/Desktop/Workspace/STM32CubeIDE Workspace/STM32N6570-ThreadX-USB-CDC-AI-Face-Detection-Ethernet/Drivers/STM32N6xx_HAL_Driver/Src/stm32n6xx_hal_xspi.c:486:13:HAL_XSPI_MspInit	0	static
/home/ck/Desktop/Workspace/STM32CubeIDE Workspace/STM32N6570-ThreadX-USB-CDC-AI-Face-Detection-Ethernet/Drivers/STM32N6xx_HAL_Driver/Src/stm32n6xx_hal_xspi.c:342:19:HAL_XSPI_Init	16	static
/home/ck/Desktop/Workspace/STM32CubeIDE Workspace/STM32N6570-ThreadX-USB-CDC-AI-Face-Detection-Ethernet/Drivers/STM32N6xx_HAL_Driver/Src/stm32n6xx_hal_xspi.c:544:13:HAL_XSPI_MspDeInit	0	static
/home/ck/Desktop/Workspace/STM32CubeIDE Workspace/STM32N6570-ThreadX-USB-CDC-AI-Face-Detection-Ethernet/Drivers/STM32N6xx_HAL_Driver/Src/stm32n6xx_hal_xspi.c:501:19:HAL_XSPI_DeInit	8	static
/home/ck/Desktop/Workspace/STM32CubeIDE Workspace/STM32N6570-ThreadX-USB-CDC-AI-Face-Detection-Ethernet/Drivers/STM32N6xx_HAL_Driver/Src/stm32n6xx_hal_xspi.c:826:19:HAL_XSPI_Command	32	static
/home/ck/Desktop/Workspace/STM32CubeIDE Workspace/STM32N6570-ThreadX-USB-CDC-AI-Face-Detection-Ethernet/Drivers/STM32N6xx_HAL_Driver/Src/stm32n6xx_hal_xspi.c:962:19:HAL_XSPI_Command_IT	24	static
/home/ck/Desktop/Workspace/STM32CubeIDE Workspace/STM32N6570-ThreadX-USB-CDC-AI-Face-Detection-Ethernet/Drivers/STM32N6xx_HAL_Driver/Src/stm32n6xx_hal_xspi.c:1051:19:HAL_XSPI_HyperbusCfg	24	static
/home/ck/Desktop/Workspace/STM32CubeIDE Workspace/STM32N6570-ThreadX-USB-CDC-AI-Face-Detection-Ethernet/Drivers/STM32N6xx_HAL_Driver/Src/stm32n6xx_hal_xspi.c:1102:19:HAL_XSPI_HyperbusCmd	24	static
/home/ck/Desktop/Workspace/STM32CubeIDE Workspace/STM32N6570-ThreadX-USB-CDC-AI-Face-Detection-Ethernet/Drivers/STM32N6xx_HAL_Driver/Src/stm32n6xx_hal_xspi.c:1169:19:HAL_XSPI_Transmit	24	static
/home/ck/Desktop/Workspace/STM32CubeIDE Workspace/STM32N6570-ThreadX-USB-CDC-AI-Face-Detection-Ethernet/Drivers/STM32N6xx_HAL_Driver/Src/stm32n6xx_hal_xspi.c:1241:19:HAL_XSPI_Receive	24	static
/home/ck/Desktop/Workspace/STM32CubeIDE Workspace/STM32N6570-ThreadX-USB-CDC-AI-Face-Detection-Ethernet/Drivers/STM32N6xx_HAL_Driver/Src/stm32n6xx_hal_xspi.c:1331:19:HAL_XSPI_Transmit_IT	8	static
/home/ck/Desktop/Workspace/STM32CubeIDE Workspace/STM32N6570-ThreadX-USB-CDC-AI-Face-Detection-Ethernet/Drivers/STM32N6xx_HAL_Driver/Src/stm32n6xx_hal_xspi.c:1380:19:HAL_XSPI_Receive_IT	16	static
/home/ck/Desktop/Workspace/STM32CubeIDE Workspace/STM32N6570-ThreadX-USB-CDC-AI-Face-Detection-Ethernet/Drivers/STM32N6xx_HAL_Driver/Src/stm32n6xx_hal_xspi.c:1453:19:HAL_XSPI_Transmit_DMA	24	static
/home/ck/Desktop/Workspace/STM32CubeIDE Workspace/STM32N6570-ThreadX-USB-CDC-AI-Face-Detection-Ethernet/Drivers/STM32N6xx_HAL_Driver/Src/stm32n6xx_hal_xspi.c:1636:19:HAL_XSPI_Receive_DMA	32	static
/home/ck/Desktop/Workspace/STM32CubeIDE Workspace/STM32N6570-ThreadX-USB-CDC-AI-Face-Detection-Ethernet/Drivers/STM32N6xx_HAL_Driver/Src/stm32n6xx_hal_xspi.c:1837:19:HAL_XSPI_AutoPolling	32	static
/home/ck/Desktop/Workspace/STM32CubeIDE Workspace/STM32N6570-ThreadX-USB-CDC-AI-Face-Detection-Ethernet/Drivers/STM32N6xx_HAL_Driver/Src/stm32n6xx_hal_xspi.c:1918:19:HAL_XSPI_AutoPolling_IT	32	static
/home/ck/Desktop/Workspace/STM32CubeIDE Workspace/STM32N6570-ThreadX-USB-CDC-AI-Face-Detection-Ethernet/Drivers/STM32N6xx_HAL_Driver/Src/stm32n6xx_hal_xspi.c:1991:19:HAL_XSPI_MemoryMapped	24	static
/home/ck/Desktop/Workspace/STM32CubeIDE Workspace/STM32N6570-ThreadX-USB-CDC-AI-Face-Detection-Ethernet/Drivers/STM32N6xx_HAL_Driver/Src/stm32n6xx_hal_xspi.c:2057:10:HAL_XSPI_IsMemoryMapped	0	static
/home/ck/Desktop/Workspace/STM32CubeIDE Workspace/STM32N6570-ThreadX-USB-CDC-AI-Face-Detection-Ethernet/Drivers/STM32N6xx_HAL_Driver/Src/stm32n6xx_hal_xspi.c:2080:13:HAL_XSPI_ErrorCallback	0	static
/home/ck/Desktop/Workspace/STM32CubeIDE Workspace/STM32N6570-ThreadX-USB-CDC-AI-Face-Detection-Ethernet/Drivers/STM32N6xx_HAL_Driver/Src/stm32n6xx_hal_xspi.c:2095:13:HAL_XSPI_AbortCpltCallback	0	static
/home/ck/Desktop/Workspace/STM32CubeIDE Workspace/STM32N6570-ThreadX-USB-CDC-AI-Face-Detection-Ethernet/Drivers/STM32N6xx_HAL_Driver/Src/stm32n6xx_hal_xspi.c:3234:13:XSPI_DMAAbortCplt	8	static
/home/ck/Desktop/Workspace/STM32CubeIDE Workspace/STM32N6570-ThreadX-USB-CDC-AI-Face-Detection-Ethernet/Drivers/STM32N6xx_HAL_Driver/Src/stm32n6xx_hal_xspi.c:2543:19:HAL_XSPI_Abort_IT.part.0	16	static
/home/ck/Desktop/Workspace/STM32CubeIDE Workspace/STM32N6570-ThreadX-USB-CDC-AI-Face-Detection-Ethernet/Drivers/STM32N6xx_HAL_Driver/Src/stm32n6xx_hal_xspi.c:3203:13:XSPI_DMAError	8	static
/home/ck/Desktop/Workspace/STM32CubeIDE Workspace/STM32N6570-ThreadX-USB-CDC-AI-Face-Detection-Ethernet/Drivers/STM32N6xx_HAL_Driver/Src/stm32n6xx_hal_xspi.c:2110:13:HAL_XSPI_FifoThresholdCallback	0	static
/home/ck/Desktop/Workspace/STM32CubeIDE Workspace/STM32N6570-ThreadX-USB-CDC-AI-Face-Detection-Ethernet/Drivers/STM32N6xx_HAL_Driver/Src/stm32n6xx_hal_xspi.c:2125:13:HAL_XSPI_CmdCpltCallback	0	static
/home/ck/Desktop/Workspace/STM32CubeIDE Workspace/STM32N6570-ThreadX-USB-CDC-AI-Face-Detection-Ethernet/Drivers/STM32N6xx_HAL_Driver/Src/stm32n6xx_hal_xspi.c:2140:13:HAL_XSPI_RxCpltCallback	0	static
/home/ck/Desktop/Workspace/STM32CubeIDE Workspace/STM32N6570-ThreadX-USB-CDC-AI-Face-Detection-Ethernet/Drivers/STM32N6xx_HAL_Driver/Src/stm32n6xx_hal_xspi.c:2155:13:HAL_XSPI_TxCpltCallback	0	static
/home/ck/Desktop/Workspace/STM32CubeIDE Workspace/STM32N6570-ThreadX-USB-CDC-AI-Face-Detection-Ethernet/Drivers/STM32N6xx_HAL_Driver/Src/stm32n6xx_hal_xspi.c:2170:13:HAL_XSPI_RxHalfCpltCallback	0	static
/home/ck/Desktop/Workspace/STM32CubeIDE Workspace/STM32N6570-ThreadX-USB-CDC-AI-Face-Detection-Ethernet/Drivers/STM32N6xx_HAL_Driver/Src/stm32n6xx_hal_xspi.c:2185:13:HAL_XSPI_TxHalfCpltCallback	0	static
/home/ck/Desktop/Workspace/STM32CubeIDE Workspace/STM32N6570-ThreadX-USB-CDC-AI-Face-Detection-Ethernet/Drivers/STM32N6xx_HAL_Driver/Src/stm32n6xx_hal_xspi.c:3175:13:XSPI_DMAHalfCplt	8	static
/home/ck/Desktop/Workspace/STM32CubeIDE Workspace/STM32N6570-ThreadX-USB-CDC-AI-Face-Detection-Ethernet/Drivers/STM32N6xx_HAL_Driver/Src/stm32n6xx_hal_xspi.c:2200:13:HAL_XSPI_StatusMatchCallback	0	static
/home/ck/Desktop/Workspace/STM32CubeIDE Workspace/STM32N6570-ThreadX-USB-CDC-AI-Face-Detection-Ethernet/Drivers/STM32N6xx_HAL_Driver/Src/stm32n6xx_hal_xspi.c:2215:13:HAL_XSPI_TimeOutCallback	0	static
/home/ck/Desktop/Workspace/STM32CubeIDE Workspace/STM32N6570-ThreadX-USB-CDC-AI-Face-Detection-Ethernet/Drivers/STM32N6xx_HAL_Driver/Src/stm32n6xx_hal_xspi.c:584:6:HAL_XSPI_IRQHandler	16	static
/home/ck/Desktop/Workspace/STM32CubeIDE Workspace/STM32N6570-ThreadX-USB-CDC-AI-Face-Detection-Ethernet/Drivers/STM32N6xx_HAL_Driver/Src/stm32n6xx_hal_xspi.c:2466:19:HAL_XSPI_Abort	16	static
/home/ck/Desktop/Workspace/STM32CubeIDE Workspace/STM32N6570-ThreadX-USB-CDC-AI-Face-Detection-Ethernet/Drivers/STM32N6xx_HAL_Driver/Src/stm32n6xx_hal_xspi.c:2543:19:HAL_XSPI_Abort_IT	8	static
/home/ck/Desktop/Workspace/STM32CubeIDE Workspace/STM32N6570-ThreadX-USB-CDC-AI-Face-Detection-Ethernet/Drivers/STM32N6xx_HAL_Driver/Src/stm32n6xx_hal_xspi.c:2637:19:HAL_XSPI_SetFifoThreshold	4	static
/home/ck/Desktop/Workspace/STM32CubeIDE Workspace/STM32N6570-ThreadX-USB-CDC-AI-Face-Detection-Ethernet/Drivers/STM32N6xx_HAL_Driver/Src/stm32n6xx_hal_xspi.c:2666:10:HAL_XSPI_GetFifoThreshold	0	static
/home/ck/Desktop/Workspace/STM32CubeIDE Workspace/STM32N6570-ThreadX-USB-CDC-AI-Face-Detection-Ethernet/Drivers/STM32N6xx_HAL_Driver/Src/stm32n6xx_hal_xspi.c:2676:19:HAL_XSPI_SetMemoryType	4	static
/home/ck/Desktop/Workspace/STM32CubeIDE Workspace/STM32N6570-ThreadX-USB-CDC-AI-Face-Detection-Ethernet/Drivers/STM32N6xx_HAL_Driver/Src/stm32n6xx_hal_xspi.c:2705:19:HAL_XSPI_SetDeviceSize	4	static
/home/ck/Desktop/Workspace/STM32CubeIDE Workspace/STM32N6570-ThreadX-USB-CDC-AI-Face-Detection-Ethernet/Drivers/STM32N6xx_HAL_Driver/Src/stm32n6xx_hal_xspi.c:2735:19:HAL_XSPI_SetClockPrescaler	4	static
/home/ck/Desktop/Workspace/STM32CubeIDE Workspace/STM32N6570-ThreadX-USB-CDC-AI-Face-Detection-Ethernet/Drivers/STM32N6xx_HAL_Driver/Src/stm32n6xx_hal_xspi.c:2764:19:HAL_XSPI_SetTimeout	0	static
/home/ck/Desktop/Workspace/STM32CubeIDE Workspace/STM32N6570-ThreadX-USB-CDC-AI-Face-Detection-Ethernet/Drivers/STM32N6xx_HAL_Driver/Src/stm32n6xx_hal_xspi.c:2775:10:HAL_XSPI_GetError	0	static
/home/ck/Desktop/Workspace/STM32CubeIDE Workspace/STM32N6570-ThreadX-USB-CDC-AI-Face-Detection-Ethernet/Drivers/STM32N6xx_HAL_Driver/Src/stm32n6xx_hal_xspi.c:2785:10:HAL_XSPI_GetState	0	static
/home/ck/Desktop/Workspace/STM32CubeIDE Workspace/STM32N6570-ThreadX-USB-CDC-AI-Face-Detection-Ethernet/Drivers/STM32N6xx_HAL_Driver/Src/stm32n6xx_hal_xspi.c:2817:19:HAL_XSPIM_Config	64	static
/home/ck/Desktop/Workspace/STM32CubeIDE Workspace/STM32N6570-ThreadX-USB-CDC-AI-Face-Detection-Ethernet/Drivers/STM32N6xx_HAL_Driver/Src/stm32n6xx_hal_xspi.c:3044:19:HAL_XSPI_GetDelayValue	8	static
/home/ck/Desktop/Workspace/STM32CubeIDE Workspace/STM32N6570-ThreadX-USB-CDC-AI-Face-Detection-Ethernet/Drivers/STM32N6xx_HAL_Driver/Src/stm32n6xx_hal_xspi.c:3096:19:HAL_XSPI_SetDelayValue	4	static
