/home/ck/Desktop/Workspace/STM32CubeIDE Workspace/STM32N6570-ThreadX-USB-CDC-AI-Face-Detection-Ethernet/Middlewares/ST/stm32-mw-ipl/Src/stm32ipl_drawing.c:206:16:STM32Ipl_DrawScreen_DMA2D	0	static
/home/ck/Desktop/Workspace/STM32CubeIDE Workspace/STM32N6570-ThreadX-USB-CDC-AI-Face-Detection-Ethernet/Middlewares/ST/stm32-mw-ipl/Src/stm32ipl_drawing.c:234:16:STM32Ipl_Zero	16	static
/home/ck/Desktop/Workspace/STM32CubeIDE Workspace/STM32N6570-ThreadX-USB-CDC-AI-Face-Detection-Ethernet/Middlewares/ST/stm32-mw-ipl/Src/stm32ipl_drawing.c:262:16:STM32Ipl_Fill	48	static
/home/ck/Desktop/Workspace/STM32CubeIDE Workspace/STM32N6570-ThreadX-USB-CDC-AI-Face-Detection-Ethernet/Middlewares/ST/stm32-mw-ipl/Src/stm32ipl_drawing.c:299:16:STM32Ipl_DrawPixel	24	static
/home/ck/Desktop/Workspace/STM32CubeIDE Workspace/STM32N6570-ThreadX-USB-CDC-AI-Face-Detection-Ethernet/Middlewares/ST/stm32-mw-ipl/Src/stm32ipl_drawing.c:320:16:STM32Ipl_DrawCross	48	static
/home/ck/Desktop/Workspace/STM32CubeIDE Workspace/STM32N6570-ThreadX-USB-CDC-AI-Face-Detection-Ethernet/Middlewares/ST/stm32-mw-ipl/Src/stm32ipl_drawing.c:347:16:STM32Ipl_DrawLine	48	static
/home/ck/Desktop/Workspace/STM32CubeIDE Workspace/STM32N6570-ThreadX-USB-CDC-AI-Face-Detection-Ethernet/Middlewares/ST/stm32-mw-ipl/Src/stm32ipl_drawing.c:370:16:STM32Ipl_DrawPolygon	48	static
/home/ck/Desktop/Workspace/STM32CubeIDE Workspace/STM32N6570-ThreadX-USB-CDC-AI-Face-Detection-Ethernet/Middlewares/ST/stm32-mw-ipl/Src/stm32ipl_drawing.c:402:16:STM32Ipl_DrawRectangle	48	static
/home/ck/Desktop/Workspace/STM32CubeIDE Workspace/STM32N6570-ThreadX-USB-CDC-AI-Face-Detection-Ethernet/Middlewares/ST/stm32-mw-ipl/Src/stm32ipl_drawing.c:428:16:STM32Ipl_DrawCircle	48	static
/home/ck/Desktop/Workspace/STM32CubeIDE Workspace/STM32N6570-ThreadX-USB-CDC-AI-Face-Detection-Ethernet/Middlewares/ST/stm32-mw-ipl/Src/stm32ipl_drawing.c:449:16:STM32Ipl_DrawEllipse	64	static
