/home/ck/Desktop/Workspace/STM32CubeIDE Workspace/STM32N6570-ThreadX-USB-CDC-AI-Face-Detection-Ethernet/Middlewares/ST/stm32-mw-ipl/Src/stm32ipl_integral.c:36:16:STM32Ipl_IIAllocData	16	static
/home/ck/Desktop/Workspace/STM32CubeIDE Workspace/STM32N6570-ThreadX-USB-CDC-AI-Face-Detection-Ethernet/Middlewares/ST/stm32-mw-ipl/Src/stm32ipl_integral.c:62:6:STM32Ipl_IIReleaseData	0	static
/home/ck/Desktop/Workspace/STM32CubeIDE Workspace/STM32N6570-ThreadX-USB-CDC-AI-Face-Detection-Ethernet/Middlewares/ST/stm32-mw-ipl/Src/stm32ipl_integral.c:77:16:STM32Ipl_II	16	static
/home/ck/Desktop/Workspace/STM32CubeIDE Workspace/STM32N6570-ThreadX-USB-CDC-AI-Face-Detection-Ethernet/Middlewares/ST/stm32-mw-ipl/Src/stm32ipl_integral.c:98:16:STM32Ipl_IIScaled	16	static
/home/ck/Desktop/Workspace/STM32CubeIDE Workspace/STM32N6570-ThreadX-USB-CDC-AI-Face-Detection-Ethernet/Middlewares/ST/stm32-mw-ipl/Src/stm32ipl_integral.c:121:16:STM32Ipl_IISq	16	static
/home/ck/Desktop/Workspace/STM32CubeIDE Workspace/STM32N6570-ThreadX-USB-CDC-AI-Face-Detection-Ethernet/Middlewares/ST/stm32-mw-ipl/Src/stm32ipl_integral.c:143:10:STM32Ipl_IILookup	48	static
