../Application/USBPD/App/usbpd_dpm_core.c:281:13:USBPD_PE_TaskWakeUp	16	static
../Application/USBPD/App/usbpd_dpm_core.c:290:13:USBPD_DPM_CADTaskWakeUp	16	static
../Application/USBPD/App/usbpd_dpm_core.c:300:1:USBPD_PE_Task	24	static
../Application/USBPD/App/usbpd_dpm_core.c:330:1:USBPD_CAD_Task	16	static
../Application/USBPD/App/usbpd_dpm_core.c:107:21:USBPD_DPM_InitCore	24	static
../Application/USBPD/App/usbpd_dpm_core.c:210:10:USBPD_DPM_InitOS	72	static
../Application/USBPD/App/usbpd_dpm_core.c:256:6:USBPD_DPM_TimerCounter	8	static
../Application/USBPD/App/usbpd_dpm_core.c:431:13:USBPD_DPM_ErrorHandler	0	static
../Application/USBPD/App/usbpd_dpm_core.c:350:6:USBPD_DPM_CADCallback	40	static
