/home/ck/Desktop/Workspace/STM32CubeIDE Workspace/STM32N6570-ThreadX-USB-CDC-AI-Face-Detection-Ethernet/FSBL/Application/User/USBPD/App/usbpd_pwr_if.c:119:21:USBPD_PWR_IF_Init	0	static
/home/ck/Desktop/Workspace/STM32CubeIDE Workspace/STM32N6570-ThreadX-USB-CDC-AI-Face-Detection-Ethernet/FSBL/Application/User/USBPD/App/usbpd_pwr_if.c:132:21:USBPD_PWR_IF_SupplyReady	16	static
/home/ck/Desktop/Workspace/STM32CubeIDE Workspace/STM32N6570-ThreadX-USB-CDC-AI-Face-Detection-Ethernet/FSBL/Application/User/USBPD/App/usbpd_pwr_if.c:167:21:USBPD_PWR_IF_ReadVA	16	static
/home/ck/Desktop/Workspace/STM32CubeIDE Workspace/STM32N6570-ThreadX-USB-CDC-AI-Face-Detection-Ethernet/FSBL/Application/User/USBPD/App/usbpd_pwr_if.c:209:21:USBPD_PWR_IF_Enable_VConn	0	static
/home/ck/Desktop/Workspace/STM32CubeIDE Workspace/STM32N6570-ThreadX-USB-CDC-AI-Face-Detection-Ethernet/FSBL/Application/User/USBPD/App/usbpd_pwr_if.c:222:21:USBPD_PWR_IF_Disable_VConn	0	static
/home/ck/Desktop/Workspace/STM32CubeIDE Workspace/STM32N6570-ThreadX-USB-CDC-AI-Face-Detection-Ethernet/FSBL/Application/User/USBPD/App/usbpd_pwr_if.c:240:6:USBPD_PWR_IF_GetPortPDOs	0	static
/home/ck/Desktop/Workspace/STM32CubeIDE Workspace/STM32N6570-ThreadX-USB-CDC-AI-Face-Detection-Ethernet/FSBL/Application/User/USBPD/App/usbpd_pwr_if.c:260:21:USBPD_PWR_IF_SearchRequestedPDO	0	static
/home/ck/Desktop/Workspace/STM32CubeIDE Workspace/STM32N6570-ThreadX-USB-CDC-AI-Face-Detection-Ethernet/FSBL/Application/User/USBPD/App/usbpd_pwr_if.c:272:6:USBPD_PWR_IF_AlarmType	0	static
/home/ck/Desktop/Workspace/STM32CubeIDE Workspace/STM32N6570-ThreadX-USB-CDC-AI-Face-Detection-Ethernet/FSBL/Application/User/USBPD/App/usbpd_pwr_if.c:283:6:USBPD_PWR_IF_Alarm	0	static
/home/ck/Desktop/Workspace/STM32CubeIDE Workspace/STM32N6570-ThreadX-USB-CDC-AI-Face-Detection-Ethernet/FSBL/Application/User/USBPD/App/usbpd_pwr_if.c:296:9:USBPD_PWR_IF_GetVBUSStatus	8	static
/home/ck/Desktop/Workspace/STM32CubeIDE Workspace/STM32N6570-ThreadX-USB-CDC-AI-Face-Detection-Ethernet/FSBL/Application/User/USBPD/App/usbpd_pwr_if.c:325:6:USBPD_PWR_IF_UpdateVbusThreshold	0	static
/home/ck/Desktop/Workspace/STM32CubeIDE Workspace/STM32N6570-ThreadX-USB-CDC-AI-Face-Detection-Ethernet/FSBL/Application/User/USBPD/App/usbpd_pwr_if.c:336:6:USBPD_PWR_IF_ResetVbusThreshold	0	static
