/home/ck/Desktop/Workspace/STM32CubeIDE Workspace/STM32N6570-ThreadX-USB-CDC-AI-Face-Detection-Ethernet/Drivers/STM32N6xx_HAL_Driver/Src/stm32n6xx_hal_eth.c:1344:13:HAL_ETH_RxLinkCallback	0	static
/home/ck/Desktop/Workspace/STM32CubeIDE Workspace/STM32N6570-ThreadX-USB-CDC-AI-Face-Detection-Ethernet/Drivers/STM32N6xx_HAL_Driver/Src/stm32n6xx_hal_eth.c:2989:13:ETH_SetMACConfig	24	static
/home/ck/Desktop/Workspace/STM32CubeIDE Workspace/STM32N6570-ThreadX-USB-CDC-AI-Face-Detection-Ethernet/Drivers/STM32N6xx_HAL_Driver/Src/stm32n6xx_hal_eth.c:3056:13:ETH_SetDMAConfig	28	static
/home/ck/Desktop/Workspace/STM32CubeIDE Workspace/STM32N6570-ThreadX-USB-CDC-AI-Face-Detection-Ethernet/Drivers/STM32N6xx_HAL_Driver/Src/stm32n6xx_hal_eth.c:3329:17:ETH_Prepare_Tx_Descriptors	64	static,ignoring_inline_asm
/home/ck/Desktop/Workspace/STM32CubeIDE Workspace/STM32N6570-ThreadX-USB-CDC-AI-Face-Detection-Ethernet/Drivers/STM32N6xx_HAL_Driver/Src/stm32n6xx_hal_eth.c:1327:13:HAL_ETH_RxAllocateCallback	0	static
/home/ck/Desktop/Workspace/STM32CubeIDE Workspace/STM32N6570-ThreadX-USB-CDC-AI-Face-Detection-Ethernet/Drivers/STM32N6xx_HAL_Driver/Src/stm32n6xx_hal_eth.c:1207:13:ETH_UpdateDescriptor	40	static,ignoring_inline_asm
/home/ck/Desktop/Workspace/STM32CubeIDE Workspace/STM32N6570-ThreadX-USB-CDC-AI-Face-Detection-Ethernet/Drivers/STM32N6xx_HAL_Driver/Src/stm32n6xx_hal_eth.c:1447:13:HAL_ETH_TxFreeCallback	0	static
/home/ck/Desktop/Workspace/STM32CubeIDE Workspace/STM32N6570-ThreadX-USB-CDC-AI-Face-Detection-Ethernet/Drivers/STM32N6xx_HAL_Driver/Src/stm32n6xx_hal_eth.c:478:13:HAL_ETH_MspInit	0	static
/home/ck/Desktop/Workspace/STM32CubeIDE Workspace/STM32N6570-ThreadX-USB-CDC-AI-Face-Detection-Ethernet/Drivers/STM32N6xx_HAL_Driver/Src/stm32n6xx_hal_eth.c:493:13:HAL_ETH_MspDeInit	0	static
/home/ck/Desktop/Workspace/STM32CubeIDE Workspace/STM32N6570-ThreadX-USB-CDC-AI-Face-Detection-Ethernet/Drivers/STM32N6xx_HAL_Driver/Src/stm32n6xx_hal_eth.c:445:19:HAL_ETH_DeInit	8	static
/home/ck/Desktop/Workspace/STM32CubeIDE Workspace/STM32N6570-ThreadX-USB-CDC-AI-Face-Detection-Ethernet/Drivers/STM32N6xx_HAL_Driver/Src/stm32n6xx_hal_eth.c:728:19:HAL_ETH_Start	16	static
/home/ck/Desktop/Workspace/STM32CubeIDE Workspace/STM32N6570-ThreadX-USB-CDC-AI-Face-Detection-Ethernet/Drivers/STM32N6xx_HAL_Driver/Src/stm32n6xx_hal_eth.c:782:19:HAL_ETH_Start_IT	24	static
/home/ck/Desktop/Workspace/STM32CubeIDE Workspace/STM32N6570-ThreadX-USB-CDC-AI-Face-Detection-Ethernet/Drivers/STM32N6xx_HAL_Driver/Src/stm32n6xx_hal_eth.c:842:19:HAL_ETH_Stop	8	static
/home/ck/Desktop/Workspace/STM32CubeIDE Workspace/STM32N6570-ThreadX-USB-CDC-AI-Face-Detection-Ethernet/Drivers/STM32N6xx_HAL_Driver/Src/stm32n6xx_hal_eth.c:884:19:HAL_ETH_Stop_IT	16	static
/home/ck/Desktop/Workspace/STM32CubeIDE Workspace/STM32N6570-ThreadX-USB-CDC-AI-Face-Detection-Ethernet/Drivers/STM32N6xx_HAL_Driver/Src/stm32n6xx_hal_eth.c:953:19:HAL_ETH_Transmit	24	static,ignoring_inline_asm
/home/ck/Desktop/Workspace/STM32CubeIDE Workspace/STM32N6570-ThreadX-USB-CDC-AI-Face-Detection-Ethernet/Drivers/STM32N6xx_HAL_Driver/Src/stm32n6xx_hal_eth.c:1033:19:HAL_ETH_Transmit_IT	24	static,ignoring_inline_asm
/home/ck/Desktop/Workspace/STM32CubeIDE Workspace/STM32N6570-ThreadX-USB-CDC-AI-Face-Detection-Ethernet/Drivers/STM32N6xx_HAL_Driver/Src/stm32n6xx_hal_eth.c:1082:19:HAL_ETH_ReadData	72	static
/home/ck/Desktop/Workspace/STM32CubeIDE Workspace/STM32N6570-ThreadX-USB-CDC-AI-Face-Detection-Ethernet/Drivers/STM32N6xx_HAL_Driver/Src/stm32n6xx_hal_eth.c:1293:19:HAL_ETH_RegisterRxAllocateCallback	0	static
/home/ck/Desktop/Workspace/STM32CubeIDE Workspace/STM32N6570-ThreadX-USB-CDC-AI-Face-Detection-Ethernet/Drivers/STM32N6xx_HAL_Driver/Src/stm32n6xx_hal_eth.c:1314:19:HAL_ETH_UnRegisterRxAllocateCallback	0	static
/home/ck/Desktop/Workspace/STM32CubeIDE Workspace/STM32N6570-ThreadX-USB-CDC-AI-Face-Detection-Ethernet/Drivers/STM32N6xx_HAL_Driver/Src/stm32n6xx_hal_eth.c:1363:19:HAL_ETH_RegisterRxLinkCallback	0	static
/home/ck/Desktop/Workspace/STM32CubeIDE Workspace/STM32N6570-ThreadX-USB-CDC-AI-Face-Detection-Ethernet/Drivers/STM32N6xx_HAL_Driver/Src/stm32n6xx_hal_eth.c:1383:19:HAL_ETH_UnRegisterRxLinkCallback	0	static
/home/ck/Desktop/Workspace/STM32CubeIDE Workspace/STM32N6570-ThreadX-USB-CDC-AI-Face-Detection-Ethernet/Drivers/STM32N6xx_HAL_Driver/Src/stm32n6xx_hal_eth.c:1398:19:HAL_ETH_GetRxDataErrorCode	0	static
/home/ck/Desktop/Workspace/STM32CubeIDE Workspace/STM32N6570-ThreadX-USB-CDC-AI-Face-Detection-Ethernet/Drivers/STM32N6xx_HAL_Driver/Src/stm32n6xx_hal_eth.c:1414:19:HAL_ETH_RegisterTxFreeCallback	0	static
/home/ck/Desktop/Workspace/STM32CubeIDE Workspace/STM32N6570-ThreadX-USB-CDC-AI-Face-Detection-Ethernet/Drivers/STM32N6xx_HAL_Driver/Src/stm32n6xx_hal_eth.c:1434:19:HAL_ETH_UnRegisterTxFreeCallback	0	static
/home/ck/Desktop/Workspace/STM32CubeIDE Workspace/STM32N6570-ThreadX-USB-CDC-AI-Face-Detection-Ethernet/Drivers/STM32N6xx_HAL_Driver/Src/stm32n6xx_hal_eth.c:1462:19:HAL_ETH_ReleaseTxPacket	40	static
/home/ck/Desktop/Workspace/STM32CubeIDE Workspace/STM32N6570-ThreadX-USB-CDC-AI-Face-Detection-Ethernet/Drivers/STM32N6xx_HAL_Driver/Src/stm32n6xx_hal_eth.c:2219:13:HAL_ETH_TxCpltCallback	0	static
/home/ck/Desktop/Workspace/STM32CubeIDE Workspace/STM32N6570-ThreadX-USB-CDC-AI-Face-Detection-Ethernet/Drivers/STM32N6xx_HAL_Driver/Src/stm32n6xx_hal_eth.c:2234:13:HAL_ETH_RxCpltCallback	0	static
/home/ck/Desktop/Workspace/STM32CubeIDE Workspace/STM32N6570-ThreadX-USB-CDC-AI-Face-Detection-Ethernet/Drivers/STM32N6xx_HAL_Driver/Src/stm32n6xx_hal_eth.c:2249:13:HAL_ETH_ErrorCallback	0	static
/home/ck/Desktop/Workspace/STM32CubeIDE Workspace/STM32N6570-ThreadX-USB-CDC-AI-Face-Detection-Ethernet/Drivers/STM32N6xx_HAL_Driver/Src/stm32n6xx_hal_eth.c:2264:13:HAL_ETH_PMTCallback	0	static
/home/ck/Desktop/Workspace/STM32CubeIDE Workspace/STM32N6570-ThreadX-USB-CDC-AI-Face-Detection-Ethernet/Drivers/STM32N6xx_HAL_Driver/Src/stm32n6xx_hal_eth.c:2279:13:HAL_ETH_EEECallback	0	static
/home/ck/Desktop/Workspace/STM32CubeIDE Workspace/STM32N6570-ThreadX-USB-CDC-AI-Face-Detection-Ethernet/Drivers/STM32N6xx_HAL_Driver/Src/stm32n6xx_hal_eth.c:2294:13:HAL_ETH_WakeUpCallback	0	static
/home/ck/Desktop/Workspace/STM32CubeIDE Workspace/STM32N6570-ThreadX-USB-CDC-AI-Face-Detection-Ethernet/Drivers/STM32N6xx_HAL_Driver/Src/stm32n6xx_hal_eth.c:1975:6:HAL_ETH_IRQHandler	32	static
/home/ck/Desktop/Workspace/STM32CubeIDE Workspace/STM32N6570-ThreadX-USB-CDC-AI-Face-Detection-Ethernet/Drivers/STM32N6xx_HAL_Driver/Src/stm32n6xx_hal_eth.c:2312:19:HAL_ETH_ReadPHYRegister	16	static
/home/ck/Desktop/Workspace/STM32CubeIDE Workspace/STM32N6570-ThreadX-USB-CDC-AI-Face-Detection-Ethernet/Drivers/STM32N6xx_HAL_Driver/Src/stm32n6xx_hal_eth.c:2367:19:HAL_ETH_WritePHYRegister	16	static
/home/ck/Desktop/Workspace/STM32CubeIDE Workspace/STM32N6570-ThreadX-USB-CDC-AI-Face-Detection-Ethernet/Drivers/STM32N6xx_HAL_Driver/Src/stm32n6xx_hal_eth.c:2439:19:HAL_ETH_GetMACConfig	8	static
/home/ck/Desktop/Workspace/STM32CubeIDE Workspace/STM32N6570-ThreadX-USB-CDC-AI-Face-Detection-Ethernet/Drivers/STM32N6xx_HAL_Driver/Src/stm32n6xx_hal_eth.c:2504:19:HAL_ETH_GetDMAConfig	12	static
/home/ck/Desktop/Workspace/STM32CubeIDE Workspace/STM32N6570-ThreadX-USB-CDC-AI-Face-Detection-Ethernet/Drivers/STM32N6xx_HAL_Driver/Src/stm32n6xx_hal_eth.c:2550:19:HAL_ETH_SetMACConfig	8	static
/home/ck/Desktop/Workspace/STM32CubeIDE Workspace/STM32N6570-ThreadX-USB-CDC-AI-Face-Detection-Ethernet/Drivers/STM32N6xx_HAL_Driver/Src/stm32n6xx_hal_eth.c:2577:19:HAL_ETH_SetDMAConfig	8	static
/home/ck/Desktop/Workspace/STM32CubeIDE Workspace/STM32N6570-ThreadX-USB-CDC-AI-Face-Detection-Ethernet/Drivers/STM32N6xx_HAL_Driver/Src/stm32n6xx_hal_eth.c:2602:6:HAL_ETH_SetMDIOClockRange	16	static
/home/ck/Desktop/Workspace/STM32CubeIDE Workspace/STM32N6570-ThreadX-USB-CDC-AI-Face-Detection-Ethernet/Drivers/STM32N6xx_HAL_Driver/Src/stm32n6xx_hal_eth.c:320:19:HAL_ETH_Init	312	static
/home/ck/Desktop/Workspace/STM32CubeIDE Workspace/STM32N6570-ThreadX-USB-CDC-AI-Face-Detection-Ethernet/Drivers/STM32N6xx_HAL_Driver/Src/stm32n6xx_hal_eth.c:2670:19:HAL_ETH_SetMACFilterConfig	8	static
/home/ck/Desktop/Workspace/STM32CubeIDE Workspace/STM32N6570-ThreadX-USB-CDC-AI-Face-Detection-Ethernet/Drivers/STM32N6xx_HAL_Driver/Src/stm32n6xx_hal_eth.c:2704:19:HAL_ETH_GetMACFilterConfig	4	static
/home/ck/Desktop/Workspace/STM32CubeIDE Workspace/STM32N6570-ThreadX-USB-CDC-AI-Face-Detection-Ethernet/Drivers/STM32N6xx_HAL_Driver/Src/stm32n6xx_hal_eth.c:2741:19:HAL_ETH_SetSourceMACAddrMatch	0	static
/home/ck/Desktop/Workspace/STM32CubeIDE Workspace/STM32N6570-ThreadX-USB-CDC-AI-Face-Detection-Ethernet/Drivers/STM32N6xx_HAL_Driver/Src/stm32n6xx_hal_eth.c:2777:19:HAL_ETH_SetHashTable	0	static
/home/ck/Desktop/Workspace/STM32CubeIDE Workspace/STM32N6570-ThreadX-USB-CDC-AI-Face-Detection-Ethernet/Drivers/STM32N6xx_HAL_Driver/Src/stm32n6xx_hal_eth.c:2799:6:HAL_ETH_SetRxVLANIdentifier	0	static
/home/ck/Desktop/Workspace/STM32CubeIDE Workspace/STM32N6570-ThreadX-USB-CDC-AI-Face-Detection-Ethernet/Drivers/STM32N6xx_HAL_Driver/Src/stm32n6xx_hal_eth.c:2821:6:HAL_ETH_EnterPowerDownMode	8	static
/home/ck/Desktop/Workspace/STM32CubeIDE Workspace/STM32N6570-ThreadX-USB-CDC-AI-Face-Detection-Ethernet/Drivers/STM32N6xx_HAL_Driver/Src/stm32n6xx_hal_eth.c:2843:6:HAL_ETH_ExitPowerDownMode	0	static
/home/ck/Desktop/Workspace/STM32CubeIDE Workspace/STM32N6570-ThreadX-USB-CDC-AI-Face-Detection-Ethernet/Drivers/STM32N6xx_HAL_Driver/Src/stm32n6xx_hal_eth.c:2867:19:HAL_ETH_SetWakeUpFilter	4	static
/home/ck/Desktop/Workspace/STM32CubeIDE Workspace/STM32N6570-ThreadX-USB-CDC-AI-Face-Detection-Ethernet/Drivers/STM32N6xx_HAL_Driver/Src/stm32n6xx_hal_eth.c:2916:22:HAL_ETH_GetState	0	static
/home/ck/Desktop/Workspace/STM32CubeIDE Workspace/STM32N6570-ThreadX-USB-CDC-AI-Face-Detection-Ethernet/Drivers/STM32N6xx_HAL_Driver/Src/stm32n6xx_hal_eth.c:2927:10:HAL_ETH_GetError	0	static
/home/ck/Desktop/Workspace/STM32CubeIDE Workspace/STM32N6570-ThreadX-USB-CDC-AI-Face-Detection-Ethernet/Drivers/STM32N6xx_HAL_Driver/Src/stm32n6xx_hal_eth.c:2938:10:HAL_ETH_GetDMAError	0	static
/home/ck/Desktop/Workspace/STM32CubeIDE Workspace/STM32N6570-ThreadX-USB-CDC-AI-Face-Detection-Ethernet/Drivers/STM32N6xx_HAL_Driver/Src/stm32n6xx_hal_eth.c:2949:10:HAL_ETH_GetMACError	0	static
/home/ck/Desktop/Workspace/STM32CubeIDE Workspace/STM32N6570-ThreadX-USB-CDC-AI-Face-Detection-Ethernet/Drivers/STM32N6xx_HAL_Driver/Src/stm32n6xx_hal_eth.c:2960:10:HAL_ETH_GetMACWakeUpSource	0	static
/home/ck/Desktop/Workspace/STM32CubeIDE Workspace/STM32N6570-ThreadX-USB-CDC-AI-Face-Detection-Ethernet/Drivers/STM32N6xx_HAL_Driver/Src/stm32n6xx_hal_eth.c:2971:10:HAL_ETH_GetTxBuffersNumber	0	static
